
Map of Debug\c100_pid_stm8s105.sm8 from link file Debug\c100_pid_stm8s105.lkf - Sun Jul 09 16:26:45 2017


                               --------
                               Segments
                               --------

start 00008080 end 000080fe length   126 segment .const
start 0000812c end 000099de length  6322 segment .text
start 00004000 end 0000410c length   268 segment .eeprom
start 00000000 end 0000001f length    31 segment .bsct, initialized
start 0000810b end 0000812a length    31 segment .bsct, from
start 0000001f end 000000c1 length   162 segment .ubsct
start 0000c1:0 end 0000c2:1 length     9 segment .bit, initialized
start 0000812a end 0000812c length     2 segment .bit, from
start 000000c3 end 000000c3 length     0 segment .share
start 00000100 end 00000100 length     0 segment .data
start 00000100 end 00000100 length     0 segment .bss
start 00000000 end 000008d8 length  2264 segment .info.
start 00000000 end 0000ac84 length 44164 segment .debug
start 00008000 end 00008080 length   128 segment .const
start 000080fe end 0000810b length    13 segment .init


                               -------
                               Modules
                               -------

C:\Program Files (x86)\COSMIC\FSE_Compilers\CXSTM8\Lib\crtsi0.sm8:
start 0000812c end 0000817c length    80 section .text
start 00000100 end 00000100 length     0 section .bss
start 0000001f end 0000001f length     0 section .ubsct
start 00000000 end 0000002f length    47 section .info.

Debug\c100_pid_main.o:
start 0000817c end 00008889 length  1805 section .text
start 00000000 end 00000008 length     8 section .bsct
start 0000001f end 0000002a length    11 section .ubsct
start 00000000 end 0000214b length  8523 section .debug
start 0000002f end 000000a1 length   114 section .info.
start 0000c1:0 end 0000c1:5 length     5 section .bit
start 00008080 end 00008090 length    16 section .const

Debug\delay.o:
start ******** end ******** length     0 section .text *** removed ***
start ******** end ******** length     0 section .bsct *** removed ***
start 0000214b end 00003ec1 length  7542 section .debug
start 000000a1 end 0000010b length   106 section .info.

Debug\eep.o:
start 00008889 end 000088fa length   113 section .text
start 00003ec1 end 00005b5a length  7321 section .debug
start 0000010b end 00000173 length   104 section .info.

Debug\pid.o:
start 000088fa end 000089fe length   260 section .text
start 00000008 end 0000000f length     7 section .bsct
start 0000002a end 0000003a length    16 section .ubsct
start 00005b5a end 00005df3 length   665 section .debug
start 00000173 end 000001db length   104 section .info.

Debug\scheduler.o:
start 000089fe end 00008c63 length   613 section .text
start 0000000f end 00000010 length     1 section .bsct
start 0000003a end 000000a3 length   105 section .ubsct
start 00005df3 end 00006371 length  1406 section .debug
start 000001db end 00000249 length   110 section .info.

Debug\spi.o:
start ******** end ******** length     0 section .text *** removed ***
start ******** end ******** length     0 section .ubsct *** removed ***
start 00006371 end 0000818c length  7707 section .debug
start 00000249 end 000002b1 length   104 section .info.
start ******** end ******** length     0 section .const *** removed ***

Debug\stc1000p_lib.o:
start 00008c63 end 00009756 length  2803 section .text
start 00000010 end 0000001f length    15 section .bsct
start 000000a3 end 000000b7 length    20 section .ubsct
start 0000818c end 0000ab19 length 10637 section .debug
start 000002b1 end 00000322 length   113 section .info.
start 00008090 end 000080fe length   110 section .const
start 00004000 end 0000410c length   268 section .eeprom
start 0000c1:5 end 0000c2:1 length     4 section .bit

(C:\Program Files (x86)\COSMIC\FSE_Compilers\CXSTM8\Lib\libis0.sm8)strcmp0.o:
start 00009756 end 00009769 length    19 section .text
start 00000322 end 00000350 length    46 section .info.

(C:\Program Files (x86)\COSMIC\FSE_Compilers\CXSTM8\Lib\libis0.sm8)strncp.o:
start 00009769 end 0000978f length    38 section .text
start 00000350 end 000003c4 length   116 section .info.

(C:\Program Files (x86)\COSMIC\FSE_Compilers\CXSTM8\Lib\libm0.sm8)cmulx.o:
start 0000978f end 000097a3 length    20 section .text
start 000003c4 end 000003f3 length    47 section .info.

(C:\Program Files (x86)\COSMIC\FSE_Compilers\CXSTM8\Lib\libm0.sm8)itolx.o:
start 000097a3 end 000097b1 length    14 section .text
start 000003f3 end 00000422 length    47 section .info.

(C:\Program Files (x86)\COSMIC\FSE_Compilers\CXSTM8\Lib\libm0.sm8)ladd.o:
start ******** end ******** length     0 section .text *** removed ***
start 00000422 end 00000450 length    46 section .info.

(C:\Program Files (x86)\COSMIC\FSE_Compilers\CXSTM8\Lib\libm0.sm8)lcmp.o:
start ******** end ******** length     0 section .text *** removed ***
start 00000450 end 0000047e length    46 section .info.

(C:\Program Files (x86)\COSMIC\FSE_Compilers\CXSTM8\Lib\libm0.sm8)lsdiv.o:
start ******** end ******** length     0 section .text *** removed ***
start 0000047e end 000004ad length    47 section .info.

(C:\Program Files (x86)\COSMIC\FSE_Compilers\CXSTM8\Lib\libm0.sm8)ldiv.o:
start 000097b1 end 0000989c length   235 section .text
start 000004ad end 000004db length    46 section .info.

(C:\Program Files (x86)\COSMIC\FSE_Compilers\CXSTM8\Lib\libm0.sm8)lgadc.o:
start ******** end ******** length     0 section .text *** removed ***
start 000004db end 0000050a length    47 section .info.

(C:\Program Files (x86)\COSMIC\FSE_Compilers\CXSTM8\Lib\libm0.sm8)lgadd.o:
start 0000989c end 000098b3 length    23 section .text
start 0000050a end 00000539 length    47 section .info.

(C:\Program Files (x86)\COSMIC\FSE_Compilers\CXSTM8\Lib\libm0.sm8)lglsh.o:
start ******** end ******** length     0 section .text *** removed ***
start 00000539 end 00000568 length    47 section .info.

(C:\Program Files (x86)\COSMIC\FSE_Compilers\CXSTM8\Lib\libm0.sm8)lgneg.o:
start 000098b3 end 000098c6 length    19 section .text
start 00000568 end 00000597 length    47 section .info.

(C:\Program Files (x86)\COSMIC\FSE_Compilers\CXSTM8\Lib\libm0.sm8)lgor.o:
start ******** end ******** length     0 section .text *** removed ***
start 00000597 end 000005c5 length    46 section .info.

(C:\Program Files (x86)\COSMIC\FSE_Compilers\CXSTM8\Lib\libm0.sm8)lgrsh.o:
start 000098c6 end 000098d4 length    14 section .text
start 000005c5 end 000005f4 length    47 section .info.

(C:\Program Files (x86)\COSMIC\FSE_Compilers\CXSTM8\Lib\libm0.sm8)lmul.o:
start 000098d4 end 0000995f length   139 section .text
start 000005f4 end 00000622 length    46 section .info.

(C:\Program Files (x86)\COSMIC\FSE_Compilers\CXSTM8\Lib\libm0.sm8)lneg.o:
start 0000995f end 00009974 length    21 section .text
start 00000622 end 00000650 length    46 section .info.

(C:\Program Files (x86)\COSMIC\FSE_Compilers\CXSTM8\Lib\libm0.sm8)lreg.o:
start 000000b7 end 000000bb length     4 section .ubsct
start 00000650 end 0000067e length    46 section .info.

(C:\Program Files (x86)\COSMIC\FSE_Compilers\CXSTM8\Lib\libm0.sm8)lsub.o:
start ******** end ******** length     0 section .text *** removed ***
start 0000067e end 000006ac length    46 section .info.

(C:\Program Files (x86)\COSMIC\FSE_Compilers\CXSTM8\Lib\libm0.sm8)ltor.o:
start ******** end ******** length     0 section .text *** removed ***
start 000006ac end 000006da length    46 section .info.

(C:\Program Files (x86)\COSMIC\FSE_Compilers\CXSTM8\Lib\libm0.sm8)ludiv.o:
start 00009974 end 00009988 length    20 section .text
start 000006da end 00000709 length    47 section .info.

(C:\Program Files (x86)\COSMIC\FSE_Compilers\CXSTM8\Lib\libm0.sm8)lursh.o:
start ******** end ******** length     0 section .text *** removed ***
start 00000709 end 00000738 length    47 section .info.

(C:\Program Files (x86)\COSMIC\FSE_Compilers\CXSTM8\Lib\libm0.sm8)rtol.o:
start 00009988 end 0000999a length    18 section .text
start 00000738 end 00000766 length    46 section .info.

(C:\Program Files (x86)\COSMIC\FSE_Compilers\CXSTM8\Lib\libm0.sm8)utolx.o:
start 0000999a end 000099a1 length     7 section .text
start 00000766 end 00000795 length    47 section .info.

(C:\Program Files (x86)\COSMIC\FSE_Compilers\CXSTM8\Lib\libm0.sm8)umul.o:
start 000099a1 end 000099dd length    60 section .text
start 00000795 end 000007c3 length    46 section .info.

(C:\Program Files (x86)\COSMIC\FSE_Compilers\CXSTM8\Lib\libm0.sm8)xreg.o:
start 000000bb end 000000be length     3 section .ubsct
start 000007c3 end 000007f1 length    46 section .info.

(C:\Program Files (x86)\COSMIC\FSE_Compilers\CXSTM8\Lib\libm0.sm8)yreg.o:
start 000000be end 000000c1 length     3 section .ubsct
start 000007f1 end 0000081f length    46 section .info.

Debug\stm8_interrupt_vector.o:
start 000099dd end 000099de length     1 section .text
start 0000ab19 end 0000ac84 length   363 section .debug
start 0000081f end 00000899 length   122 section .info.
start 00008000 end 00008080 length   128 section .const


                             -----------
                             Stack usage
                             -----------

Debug\c100_pid_main.o:
_TIM2_UPD_OVF_IRQHandler  >   24   (11)
_adc_task                      2   (2)
_ctrl_task                    39   (8)
_initialise_system_clock       2   (2)
_main                     >   46   (4)
_multiplexer                  13   (3)
_prfl_task                    32   (2)
_set_hc164                     6   (6)
_set_one_led                  10   (10)
_setup_gpio_ports              2   (2)
_setup_timer2                  2   (2)
_std_task                     32   (2)

Debug\eep.o:
_eeprom_read_config            6   (6)
_eeprom_write_config          13   (7)

Debug\pid.o:
_init_pid                     29   (15)
_pid_ctrl                     18   (12)

Debug\scheduler.o:
_add_task                     25   (15)
_disable_task             >   10   (6)
_dispatch_tasks               42   (3) *** pointer() ***
_enable_task              >   10   (6)
_scheduler_init                2   (2)
_scheduler_isr                 3   (3)
_set_task_time_period     >   12   (8)

Debug\stc1000p_lib.o:
_check_config_value           18   (10)
_divu10                   >   12   (12)
_init_temp_delays              8   (2)
_menu_fsm                     30   (4)
_min_to_sec               >   10   (4)
_pid_control                  31   (2)
_prx_to_led                    2   (2)
_range                         8   (8)
_read_buttons                 10   (4)
_temperature_control          10   (2)
_update_profile               30   (17)
_val_to_bcd                   10   (10)
_value_to_led                 26   (16)

Debug\stm8_interrupt_vector.o:
f_NonHandledInterrupt     >    6   (6)

C:\Program Files (x86:
_strcmp                        4   (4)
_strncpy                      10   (10)

Stack size: 70


                              ---------
                              Call tree
                              ---------
   1 > _TIM2_UPD_OVF_IRQHandler: (11)
   2      + _multiplexer: (3)
   3      |    + _set_hc164: (6)
   4      |    + _set_one_led: (10)
          | 
   5      + _scheduler_isr: (3)
       
   6 > __stext: (0)

   7 > _disable_task: (6)
   8      + _strcmp: (4)
       
   9 > _divu10: (12)

  10 > _enable_task: (6)
  11      + _strcmp --> 8
       
  12 > _main: (4)
  13      + _add_task: (15)
  14      |    + _strncpy: (10)
          | 
  15      + _dispatch_tasks: (3)
  16      |    + (_adc_task) ...
  17      |    + (_ctrl_task) ...
  18      |    + (_prfl_task) ...
  19      |    + (_std_task) ...
          | 
  20      + _initialise_system_clock: (2)
  21      + _scheduler_init: (2)
  22      + _setup_gpio_ports: (2)
  23      + _setup_timer2: (2)
       
  24 > _min_to_sec: (4)
  25      + _eeprom_read_config: (6)
       
  26 > _set_task_time_period: (8)
  27      + _strcmp --> 8
       
  28 > f_NonHandledInterrupt: (6)

  29   _adc_task: (2)

  30   _add_task --> 13

  31   _check_config_value: (10)
  32      + _range: (8)
       
  33   _ctrl_task: (8)
  34      + _eeprom_read_config --> 25
  35      + _pid_control: (2)
  36      |    + _eeprom_read_config --> 25
  37      |    + _init_pid: (15)
  38      |    + _init_temp_delays: (2)
  39      |    |    + _eeprom_read_config --> 25
          |    | 
  40      |    + _pid_ctrl: (12)
          | 
  41      + _temperature_control: (2)
  42      |    + _init_temp_delays --> 38
          | 
  43      + _value_to_led: (16)
  44      |    + _val_to_bcd: (10)
          | 
       
  45   _dispatch_tasks --> 15

  46   _eeprom_read_config --> 25

  47   _eeprom_write_config: (7)
  48      + _eeprom_read_config --> 25
       
  49   _init_pid --> 37

  50   _init_temp_delays --> 38

  51   _initialise_system_clock --> 20

  52   _menu_fsm: (4)
  53      + _check_config_value --> 31
  54      + _eeprom_read_config --> 25
  55      + _eeprom_write_config --> 47
  56      + _prx_to_led: (2)
  57      + _value_to_led --> 43
       
  58   _multiplexer --> 2

  59   _pid_control --> 35

  60   _pid_ctrl --> 40

  61   _prfl_task: (2)
  62      + _update_profile: (17)
  63      |    + _eeprom_read_config --> 25
  64      |    + _eeprom_write_config --> 47
          | 
       
  65   _prx_to_led --> 56

  66   _range --> 32

  67   _read_buttons: (4)
  68      + _set_hc164 --> 3
       
  69   _scheduler_init --> 21

  70   _scheduler_isr --> 5

  71   _set_hc164 --> 3

  72   _set_one_led --> 4

  73   _setup_gpio_ports --> 22

  74   _setup_timer2 --> 23

  75   _std_task: (2)
  76      + _menu_fsm --> 52
  77      + _read_buttons --> 67
       
  78   _strcmp --> 8

  79   _strncpy --> 14

  80   _temperature_control --> 41

  81   _update_profile --> 62

  82   _val_to_bcd --> 44

  83   _value_to_led --> 43



                               -------
                               Symbols
                               -------

_ADC_AWCRH                 0000540e   defined in Debug\c100_pid_main.o
_ADC_AWCRL                 0000540f   defined in Debug\c100_pid_main.o
_ADC_AWSRH                 0000540c   defined in Debug\c100_pid_main.o
_ADC_AWSRL                 0000540d   defined in Debug\c100_pid_main.o
_ADC_CR1                   00005401   defined in Debug\c100_pid_main.o
_ADC_CR2                   00005402   defined in Debug\c100_pid_main.o
_ADC_CR3                   00005403   defined in Debug\c100_pid_main.o
_ADC_CSR                   00005400   defined in Debug\c100_pid_main.o
_ADC_DBR                   000053e0   defined in Debug\c100_pid_main.o
_ADC_DRH                   00005404   defined in Debug\c100_pid_main.o
_ADC_DRL                   00005405   defined in Debug\c100_pid_main.o
_ADC_HTRH                  00005408   defined in Debug\c100_pid_main.o
_ADC_HTRL                  00005409   defined in Debug\c100_pid_main.o
_ADC_LTRH                  0000540a   defined in Debug\c100_pid_main.o
_ADC_LTRL                  0000540b   defined in Debug\c100_pid_main.o
_ADC_TDRH                  00005406   defined in Debug\c100_pid_main.o
_ADC_TDRL                  00005407   defined in Debug\c100_pid_main.o
_AWU_APR                   000050f1   defined in Debug\c100_pid_main.o
_AWU_CSR1                  000050f0   defined in Debug\c100_pid_main.o
_AWU_TBR                   000050f2   defined in Debug\c100_pid_main.o
_BEEP_CSR                  000050f3   defined in Debug\c100_pid_main.o
_CFG_GCR                   00007f60   defined in Debug\c100_pid_main.o
_CLK_CANCCR                000050cb   defined in Debug\c100_pid_main.o
_CLK_CCOR                  000050c9   defined in Debug\c100_pid_main.o
_CLK_CKDIVR                000050c6   defined in Debug\c100_pid_main.o
_CLK_CMSR                  000050c3   defined in Debug\c100_pid_main.o
_CLK_CSSR                  000050c8   defined in Debug\c100_pid_main.o
_CLK_ECKCR                 000050c1   defined in Debug\c100_pid_main.o
_CLK_HSITRIMR              000050cc   defined in Debug\c100_pid_main.o
_CLK_ICKCR                 000050c0   defined in Debug\c100_pid_main.o
_CLK_PCKENR1               000050c7   defined in Debug\c100_pid_main.o
_CLK_PCKENR2               000050ca   defined in Debug\c100_pid_main.o
_CLK_SWCR                  000050c5   defined in Debug\c100_pid_main.o
_CLK_SWIMCCR               000050cd   defined in Debug\c100_pid_main.o
_CLK_SWR                   000050c4   defined in Debug\c100_pid_main.o
_DM_BK1RE                  00007f90   defined in Debug\c100_pid_main.o
_DM_BK1RH                  00007f91   defined in Debug\c100_pid_main.o
_DM_BK1RL                  00007f92   defined in Debug\c100_pid_main.o
_DM_BK2RE                  00007f93   defined in Debug\c100_pid_main.o
_DM_BK2RH                  00007f94   defined in Debug\c100_pid_main.o
_DM_BK2RL                  00007f95   defined in Debug\c100_pid_main.o
_DM_CR1                    00007f96   defined in Debug\c100_pid_main.o
_DM_CR2                    00007f97   defined in Debug\c100_pid_main.o
_DM_CSR1                   00007f98   defined in Debug\c100_pid_main.o
_DM_CSR2                   00007f99   defined in Debug\c100_pid_main.o
_DM_ENFCTR                 00007f9a   defined in Debug\c100_pid_main.o
_EXTI_CR1                  000050a0   defined in Debug\c100_pid_main.o
_EXTI_CR2                  000050a1   defined in Debug\c100_pid_main.o
_FLASH_CR1                 0000505a   defined in Debug\c100_pid_main.o
_FLASH_CR2                 0000505b   defined in Debug\c100_pid_main.o
_FLASH_DUKR                00005064   defined in Debug\c100_pid_main.o
_FLASH_FPR                 0000505d   defined in Debug\c100_pid_main.o
_FLASH_IAPSR               0000505f   defined in Debug\c100_pid_main.o
_FLASH_NCR2                0000505c   defined in Debug\c100_pid_main.o
_FLASH_NFPR                0000505e   defined in Debug\c100_pid_main.o
_FLASH_PUKR                00005062   defined in Debug\c100_pid_main.o
_I2C_CCRH                  0000521c   defined in Debug\c100_pid_main.o
_I2C_CCRL                  0000521b   defined in Debug\c100_pid_main.o
_I2C_CR1                   00005210   defined in Debug\c100_pid_main.o
_I2C_CR2                   00005211   defined in Debug\c100_pid_main.o
_I2C_DR                    00005216   defined in Debug\c100_pid_main.o
_I2C_FREQR                 00005212   defined in Debug\c100_pid_main.o
_I2C_ITR                   0000521a   defined in Debug\c100_pid_main.o
_I2C_OARH                  00005214   defined in Debug\c100_pid_main.o
_I2C_OARL                  00005213   defined in Debug\c100_pid_main.o
_I2C_PECR                  0000521e   defined in Debug\c100_pid_main.o
_I2C_SR1                   00005217   defined in Debug\c100_pid_main.o
_I2C_SR2                   00005218   defined in Debug\c100_pid_main.o
_I2C_SR3                   00005219   defined in Debug\c100_pid_main.o
_I2C_TRISER                0000521d   defined in Debug\c100_pid_main.o
_ITC_SPR1                  00007f70   defined in Debug\c100_pid_main.o
_ITC_SPR2                  00007f71   defined in Debug\c100_pid_main.o
_ITC_SPR3                  00007f72   defined in Debug\c100_pid_main.o
_ITC_SPR4                  00007f73   defined in Debug\c100_pid_main.o
_ITC_SPR5                  00007f74   defined in Debug\c100_pid_main.o
_ITC_SPR6                  00007f75   defined in Debug\c100_pid_main.o
_ITC_SPR7                  00007f76   defined in Debug\c100_pid_main.o
_ITC_SPR8                  00007f77   defined in Debug\c100_pid_main.o
_IWDG_KR                   000050e0   defined in Debug\c100_pid_main.o
_IWDG_PR                   000050e1   defined in Debug\c100_pid_main.o
_IWDG_RLR                  000050e2   defined in Debug\c100_pid_main.o
_PA_CR1                    00005003   defined in Debug\c100_pid_main.o
_PA_CR2                    00005004   defined in Debug\c100_pid_main.o
_PA_DDR                    00005002   defined in Debug\c100_pid_main.o
_PA_IDR                    00005001   defined in Debug\c100_pid_main.o
_PA_ODR                    00005000   defined in Debug\c100_pid_main.o
_PB_CR1                    00005008   defined in Debug\c100_pid_main.o
_PB_CR2                    00005009   defined in Debug\c100_pid_main.o
_PB_DDR                    00005007   defined in Debug\c100_pid_main.o
_PB_IDR                    00005006   defined in Debug\c100_pid_main.o
_PB_ODR                    00005005   defined in Debug\c100_pid_main.o
_PC_CR1                    0000500d   defined in Debug\c100_pid_main.o
_PC_CR2                    0000500e   defined in Debug\c100_pid_main.o
_PC_DDR                    0000500c   defined in Debug\c100_pid_main.o
_PC_IDR                    0000500b   defined in Debug\c100_pid_main.o
_PC_ODR                    0000500a   defined in Debug\c100_pid_main.o
_PD_CR1                    00005012   defined in Debug\c100_pid_main.o
_PD_CR2                    00005013   defined in Debug\c100_pid_main.o
_PD_DDR                    00005011   defined in Debug\c100_pid_main.o
_PD_IDR                    00005010   defined in Debug\c100_pid_main.o
_PD_ODR                    0000500f   defined in Debug\c100_pid_main.o
_PE_CR1                    00005017   defined in Debug\c100_pid_main.o
_PE_CR2                    00005018   defined in Debug\c100_pid_main.o
_PE_DDR                    00005016   defined in Debug\c100_pid_main.o
_PE_IDR                    00005015   defined in Debug\c100_pid_main.o
_PE_ODR                    00005014   defined in Debug\c100_pid_main.o
_PF_CR1                    0000501c   defined in Debug\c100_pid_main.o
_PF_CR2                    0000501d   defined in Debug\c100_pid_main.o
_PF_DDR                    0000501b   defined in Debug\c100_pid_main.o
_PF_IDR                    0000501a   defined in Debug\c100_pid_main.o
_PF_ODR                    00005019   defined in Debug\c100_pid_main.o
_PG_CR1                    00005021   defined in Debug\c100_pid_main.o
_PG_CR2                    00005022   defined in Debug\c100_pid_main.o
_PG_DDR                    00005020   defined in Debug\c100_pid_main.o
_PG_IDR                    0000501f   defined in Debug\c100_pid_main.o
_PG_ODR                    0000501e   defined in Debug\c100_pid_main.o
_PH_CR1                    00005026   defined in Debug\c100_pid_main.o
_PH_CR2                    00005027   defined in Debug\c100_pid_main.o
_PH_DDR                    00005025   defined in Debug\c100_pid_main.o
_PH_IDR                    00005024   defined in Debug\c100_pid_main.o
_PH_ODR                    00005023   defined in Debug\c100_pid_main.o
_PI_CR1                    0000502b   defined in Debug\c100_pid_main.o
_PI_CR2                    0000502c   defined in Debug\c100_pid_main.o
_PI_DDR                    0000502a   defined in Debug\c100_pid_main.o
_PI_IDR                    00005029   defined in Debug\c100_pid_main.o
_PI_ODR                    00005028   defined in Debug\c100_pid_main.o
_RST_SR                    000050b3   defined in Debug\c100_pid_main.o
_SPI_CR1                   00005200   defined in Debug\c100_pid_main.o
_SPI_CR2                   00005201   defined in Debug\c100_pid_main.o
_SPI_CRCPR                 00005205   defined in Debug\c100_pid_main.o
_SPI_DR                    00005204   defined in Debug\c100_pid_main.o
_SPI_Handler               ********   *** removed from Debug\spi.o ***
_SPI_ICR                   00005202   defined in Debug\c100_pid_main.o
_SPI_RXCRCR                00005206   defined in Debug\c100_pid_main.o
_SPI_SR                    00005203   defined in Debug\c100_pid_main.o
_SPI_TXCRCR                00005207   defined in Debug\c100_pid_main.o
_SWIM_CSR                  00007f80   defined in Debug\c100_pid_main.o
_TIM1_ARRH                 00005262   defined in Debug\c100_pid_main.o
_TIM1_ARRL                 00005263   defined in Debug\c100_pid_main.o
_TIM1_BKR                  0000526d   defined in Debug\c100_pid_main.o
_TIM1_CCER1                0000525c   defined in Debug\c100_pid_main.o
_TIM1_CCER2                0000525d   defined in Debug\c100_pid_main.o
_TIM1_CCMR1                00005258   defined in Debug\c100_pid_main.o
_TIM1_CCMR2                00005259   defined in Debug\c100_pid_main.o
_TIM1_CCMR3                0000525a   defined in Debug\c100_pid_main.o
_TIM1_CCMR4                0000525b   defined in Debug\c100_pid_main.o
_TIM1_CCR1H                00005265   defined in Debug\c100_pid_main.o
_TIM1_CCR1L                00005266   defined in Debug\c100_pid_main.o
_TIM1_CCR2H                00005267   defined in Debug\c100_pid_main.o
_TIM1_CCR2L                00005268   defined in Debug\c100_pid_main.o
_TIM1_CCR3H                00005269   defined in Debug\c100_pid_main.o
_TIM1_CCR3L                0000526a   defined in Debug\c100_pid_main.o
_TIM1_CCR4H                0000526b   defined in Debug\c100_pid_main.o
_TIM1_CCR4L                0000526c   defined in Debug\c100_pid_main.o
_TIM1_CNTRH                0000525e   defined in Debug\c100_pid_main.o
_TIM1_CNTRL                0000525f   defined in Debug\c100_pid_main.o
_TIM1_CR1                  00005250   defined in Debug\c100_pid_main.o
_TIM1_CR2                  00005251   defined in Debug\c100_pid_main.o
_TIM1_DTR                  0000526e   defined in Debug\c100_pid_main.o
_TIM1_EGR                  00005257   defined in Debug\c100_pid_main.o
_TIM1_ETR                  00005253   defined in Debug\c100_pid_main.o
_TIM1_IER                  00005254   defined in Debug\c100_pid_main.o
_TIM1_OISR                 0000526f   defined in Debug\c100_pid_main.o
_TIM1_PSCRH                00005260   defined in Debug\c100_pid_main.o
_TIM1_PSCRL                00005261   defined in Debug\c100_pid_main.o
_TIM1_RCR                  00005264   defined in Debug\c100_pid_main.o
_TIM1_SMCR                 00005252   defined in Debug\c100_pid_main.o
_TIM1_SR1                  00005255   defined in Debug\c100_pid_main.o
_TIM1_SR2                  00005256   defined in Debug\c100_pid_main.o
_TIM2_ARRH                 0000530d   defined in Debug\c100_pid_main.o
_TIM2_ARRL                 0000530e   defined in Debug\c100_pid_main.o
_TIM2_CCER1                00005308   defined in Debug\c100_pid_main.o
_TIM2_CCER2                00005309   defined in Debug\c100_pid_main.o
_TIM2_CCMR1                00005305   defined in Debug\c100_pid_main.o
_TIM2_CCMR2                00005306   defined in Debug\c100_pid_main.o
_TIM2_CCMR3                00005307   defined in Debug\c100_pid_main.o
_TIM2_CCR1H                0000530f   defined in Debug\c100_pid_main.o
_TIM2_CCR1L                00005310   defined in Debug\c100_pid_main.o
_TIM2_CCR2H                00005311   defined in Debug\c100_pid_main.o
_TIM2_CCR2L                00005312   defined in Debug\c100_pid_main.o
_TIM2_CCR3H                00005313   defined in Debug\c100_pid_main.o
_TIM2_CCR3L                00005314   defined in Debug\c100_pid_main.o
_TIM2_CNTRH                0000530a   defined in Debug\c100_pid_main.o
_TIM2_CNTRL                0000530b   defined in Debug\c100_pid_main.o
_TIM2_CR1                  00005300   defined in Debug\c100_pid_main.o
_TIM2_EGR                  00005304   defined in Debug\c100_pid_main.o
_TIM2_IER                  00005301   defined in Debug\c100_pid_main.o
_TIM2_PSCR                 0000530c   defined in Debug\c100_pid_main.o
_TIM2_SR1                  00005302   defined in Debug\c100_pid_main.o
_TIM2_SR2                  00005303   defined in Debug\c100_pid_main.o
_TIM2_UPD_OVF_IRQHandler   00008508   defined in Debug\c100_pid_main.o section .text
                                      used in Debug\stm8_interrupt_vector.o
_TIM3_ARRH                 0000532b   defined in Debug\c100_pid_main.o
_TIM3_ARRL                 0000532c   defined in Debug\c100_pid_main.o
_TIM3_CCER1                00005327   defined in Debug\c100_pid_main.o
_TIM3_CCMR1                00005325   defined in Debug\c100_pid_main.o
_TIM3_CCMR2                00005326   defined in Debug\c100_pid_main.o
_TIM3_CCR1H                0000532d   defined in Debug\c100_pid_main.o
_TIM3_CCR1L                0000532e   defined in Debug\c100_pid_main.o
_TIM3_CCR2H                0000532f   defined in Debug\c100_pid_main.o
_TIM3_CCR2L                00005330   defined in Debug\c100_pid_main.o
_TIM3_CNTRH                00005328   defined in Debug\c100_pid_main.o
_TIM3_CNTRL                00005329   defined in Debug\c100_pid_main.o
_TIM3_CR1                  00005320   defined in Debug\c100_pid_main.o
_TIM3_EGR                  00005324   defined in Debug\c100_pid_main.o
_TIM3_IER                  00005321   defined in Debug\c100_pid_main.o
_TIM3_PSCR                 0000532a   defined in Debug\c100_pid_main.o
_TIM3_SR1                  00005322   defined in Debug\c100_pid_main.o
_TIM3_SR2                  00005323   defined in Debug\c100_pid_main.o
_TIM4_ARR                  00005346   defined in Debug\c100_pid_main.o
_TIM4_CNTR                 00005344   defined in Debug\c100_pid_main.o
_TIM4_CR1                  00005340   defined in Debug\c100_pid_main.o
_TIM4_EGR                  00005343   defined in Debug\c100_pid_main.o
_TIM4_IER                  00005341   defined in Debug\c100_pid_main.o
_TIM4_PSCR                 00005345   defined in Debug\c100_pid_main.o
_TIM4_SR                   00005342   defined in Debug\c100_pid_main.o
_UART2_BRR1                00005242   defined in Debug\c100_pid_main.o
_UART2_BRR2                00005243   defined in Debug\c100_pid_main.o
_UART2_CR1                 00005244   defined in Debug\c100_pid_main.o
_UART2_CR2                 00005245   defined in Debug\c100_pid_main.o
_UART2_CR3                 00005246   defined in Debug\c100_pid_main.o
_UART2_CR4                 00005247   defined in Debug\c100_pid_main.o
_UART2_CR6                 00005249   defined in Debug\c100_pid_main.o
_UART2_DR                  00005241   defined in Debug\c100_pid_main.o
_UART2_GTR                 0000524a   defined in Debug\c100_pid_main.o
_UART2_PSCR                0000524b   defined in Debug\c100_pid_main.o
_UART2_SR                  00005240   defined in Debug\c100_pid_main.o
_WWDG_CR                   000050d1   defined in Debug\c100_pid_main.o
_WWDG_WR                   000050d2   defined in Debug\c100_pid_main.o
__buttons                  00000018   defined in Debug\stc1000p_lib.o section .bsct, initialized
__endmem                   000005ff   defined in command file
                                      *** not used ***
__endzp                    000000c1   defined in command file section .ubsct
                                      used in C:\Program Files (x86)\COSMIC\FSE_Compilers\CXSTM8\Lib\crtsi0.sm8
__idesc__                  000080fe   defined in linker section .init
                                      used in C:\Program Files (x86)\COSMIC\FSE_Compilers\CXSTM8\Lib\crtsi0.sm8
__memory                   00000100   defined in command file section .bss
                                      used in C:\Program Files (x86)\COSMIC\FSE_Compilers\CXSTM8\Lib\crtsi0.sm8
__stack                    000007ff   defined in command file
                                      used in C:\Program Files (x86)\COSMIC\FSE_Compilers\CXSTM8\Lib\crtsi0.sm8
__startmem                 00000100   defined in command file section .bss
                                      *** not used ***
__stext                    0000812c   defined in C:\Program Files (x86)\COSMIC\FSE_Compilers\CXSTM8\Lib\crtsi0.sm8 section .text
                                      used in Debug\stm8_interrupt_vector.o
__vectab                   00008000   defined in Debug\stm8_interrupt_vector.o section .const
_ad_err1                   0000c1:0   defined in Debug\c100_pid_main.o section .bit, initialized
_ad_err2                   0000c1:1   defined in Debug\c100_pid_main.o section .bit, initialized
_adc_task                  0000863d   defined in Debug\c100_pid_main.o section .text
_add_task                  00008ab3   defined in Debug\scheduler.o section .text
                                      used in Debug\c100_pid_main.o
_blink_tmr                 0000001f   defined in Debug\c100_pid_main.o section .ubsct
_bot_01                    000000af   defined in Debug\stc1000p_lib.o section .ubsct
                                      used in Debug\c100_pid_main.o
_bot_1                     000000b0   defined in Debug\stc1000p_lib.o section .ubsct
                                      used in Debug\c100_pid_main.o
_bot_10                    000000b1   defined in Debug\stc1000p_lib.o section .ubsct
                                      used in Debug\c100_pid_main.o
_bot_100                   000000b2   defined in Debug\stc1000p_lib.o section .ubsct
                                      used in Debug\c100_pid_main.o
_check_config_value        00008f63   defined in Debug\stc1000p_lib.o section .text
_config_item               00000016   defined in Debug\stc1000p_lib.o section .bsct, initialized
_config_value              000000ac   defined in Debug\stc1000p_lib.o section .ubsct
_cooling_delay             00000010   defined in Debug\stc1000p_lib.o section .bsct, initialized
                                      used in Debug\c100_pid_main.o
_ctrl_task                 00008645   defined in Debug\c100_pid_main.o section .text
_curr_dur                  0000001a   defined in Debug\stc1000p_lib.o section .bsct, initialized
_delay_msec                ********   *** removed from Debug\delay.o ***
_delay_usec                ********   *** removed from Debug\delay.o ***
_disable_task              00008baf   defined in Debug\scheduler.o section .text
_dispatch_tasks            00008a68   defined in Debug\scheduler.o section .text
                                      used in Debug\c100_pid_main.o
_divu10                    00008c63   defined in Debug\stc1000p_lib.o section .text
_eedata                    00004000   defined in Debug\stc1000p_lib.o section .eeprom
                                      used in Debug\c100_pid_main.o
_eeprom_read_config        00008889   defined in Debug\eep.o section .text
                                      used in Debug\c100_pid_main.o
                                              Debug\stc1000p_lib.o
_eeprom_write_config       000088c0   defined in Debug\eep.o section .text
                                      used in Debug\stc1000p_lib.o
_enable_task               00008b54   defined in Debug\scheduler.o section .text
_exit                      0000817a   defined in C:\Program Files (x86)\COSMIC\FSE_Compilers\CXSTM8\Lib\crtsi0.sm8 section .text
_fahrenheit                0000c1:7   defined in Debug\stc1000p_lib.o section .bit, initialized
                                      used in Debug\c100_pid_main.o
_hc164_val                 00000023   defined in Debug\c100_pid_main.o section .ubsct
                                      used in Debug\stc1000p_lib.o
_heating_delay             00000012   defined in Debug\stc1000p_lib.o section .bsct, initialized
                                      used in Debug\c100_pid_main.o
_hysteresis                000000a7   defined in Debug\stc1000p_lib.o section .ubsct
_hysteresis2               000000a5   defined in Debug\stc1000p_lib.o section .ubsct
_init_pid                  000088fa   defined in Debug\pid.o section .text
                                      used in Debug\stc1000p_lib.o
_init_temp_delays          000096c4   defined in Debug\stc1000p_lib.o section .text
_initialise_system_clock   000087eb   defined in Debug\c100_pid_main.o section .text
_kc                        00000008   defined in Debug\pid.o section .bsct, initialized
                                      used in Debug\stc1000p_lib.o
_kd                        00000032   defined in Debug\pid.o section .ubsct
_key_held_tmr              000000ab   defined in Debug\stc1000p_lib.o section .ubsct
_ki                        00000036   defined in Debug\pid.o section .ubsct
_led_lookup                00008090   defined in Debug\stc1000p_lib.o section .const
_leds_out                  00000028   defined in Debug\c100_pid_main.o section .ubsct
                                      used in Debug\stc1000p_lib.o
_m_countdown               00000017   defined in Debug\stc1000p_lib.o section .bsct, initialized
_main                      00008822   defined in Debug\c100_pid_main.o section .text
                                      used in C:\Program Files (x86)\COSMIC\FSE_Compilers\CXSTM8\Lib\crtsi0.sm8
_max31855_read             ********   *** removed from Debug\spi.o ***
_max31865_init             ********   *** removed from Debug\spi.o ***
_max31865_read             ********   *** removed from Debug\spi.o ***
_max_tasks                 0000000f   defined in Debug\scheduler.o section .bsct, initialized
_menu                      0000809a   defined in Debug\stc1000p_lib.o section .const
_menu_fsm                  00009126   defined in Debug\stc1000p_lib.o section .text
                                      used in Debug\c100_pid_main.o
_menu_is_idle              0000c1:5   defined in Debug\stc1000p_lib.o section .bit, initialized
                                      used in Debug\c100_pid_main.o
_menu_item                 00000015   defined in Debug\stc1000p_lib.o section .bsct, initialized
_menustate                 00000014   defined in Debug\stc1000p_lib.o section .bsct, initialized
_millis                    ********   *** removed from Debug\delay.o ***
_min_to_sec                000096a5   defined in Debug\stc1000p_lib.o section .text
_minutes                   0000c2:0   defined in Debug\stc1000p_lib.o section .bit, initialized
                                      used in Debug\c100_pid_main.o
_mpx_nr                    00000000   defined in Debug\c100_pid_main.o section .bsct, initialized
_multiplexer               0000830c   defined in Debug\c100_pid_main.o section .text
_pid_control               000096fa   defined in Debug\stc1000p_lib.o section .text
                                      used in Debug\c100_pid_main.o
_pid_ctrl                  0000896d   defined in Debug\pid.o section .text
                                      used in Debug\stc1000p_lib.o
_pid_out                   0000001c   defined in Debug\stc1000p_lib.o section .bsct, initialized
                                      used in Debug\c100_pid_main.o
_portd                     000000a4   defined in Debug\stc1000p_lib.o section .ubsct
_porte                     000000a3   defined in Debug\stc1000p_lib.o section .ubsct
_pp                        0000002e   defined in Debug\pid.o section .ubsct
_prfl_task                 000087cf   defined in Debug\c100_pid_main.o section .text
_probe2                    0000c1:2   defined in Debug\c100_pid_main.o section .bit, initialized
_prx_to_led                00008cb4   defined in Debug\stc1000p_lib.o section .text
_pwr_on                    0000c1:6   defined in Debug\stc1000p_lib.o section .bit, initialized
                                      used in Debug\c100_pid_main.o
_pwr_on_tmr                00000001   defined in Debug\c100_pid_main.o section .bsct, initialized
_range                     00008f49   defined in Debug\stc1000p_lib.o section .text
_read_buttons              000090b8   defined in Debug\stc1000p_lib.o section .text
                                      used in Debug\c100_pid_main.o
_ret_state                 000000ae   defined in Debug\stc1000p_lib.o section .ubsct
_scheduler_init            000089fe   defined in Debug\scheduler.o section .text
                                      used in Debug\c100_pid_main.o
_scheduler_isr             00008a07   defined in Debug\scheduler.o section .text
                                      used in Debug\c100_pid_main.o
_sensor2_selected          00000019   defined in Debug\stc1000p_lib.o section .bsct, initialized
                                      used in Debug\c100_pid_main.o
_set_hc164                 0000817c   defined in Debug\c100_pid_main.o section .text
                                      used in Debug\stc1000p_lib.o
_set_one_led               000081c0   defined in Debug\c100_pid_main.o section .text
_set_task_time_period      00008c0a   defined in Debug\scheduler.o section .text
_setpoint                  000000a9   defined in Debug\stc1000p_lib.o section .ubsct
                                      used in Debug\c100_pid_main.o
_setup_gpio_ports          00008594   defined in Debug\c100_pid_main.o section .text
_setup_timer2              0000857f   defined in Debug\c100_pid_main.o section .text
_show_sa_alarm             0000c1:3   defined in Debug\c100_pid_main.o section .bit, initialized
_sound_alarm               0000c1:4   defined in Debug\c100_pid_main.o section .bit, initialized
_spi_error                 ********   *** removed from Debug\spi.o ***
_spi_init                  ********   *** removed from Debug\spi.o ***
_spi_read                  ********   *** removed from Debug\spi.o ***
_spi_write                 ********   *** removed from Debug\spi.o ***
_std                       00000003   defined in Debug\c100_pid_main.o section .bsct, initialized
_std_task                  0000863e   defined in Debug\c100_pid_main.o section .text
_strcmp                    00009756   defined in (C:\Program Files (x86)\COSMIC\FSE_Compilers\CXSTM8\Lib\libis0.sm8)strcmp0.o section .text
                                      used in Debug\scheduler.o
_strncpy                   00009769   defined in (C:\Program Files (x86)\COSMIC\FSE_Compilers\CXSTM8\Lib\libis0.sm8)strncp.o section .text
                                      used in Debug\scheduler.o
_t2_millis                 ********   *** removed from Debug\delay.o ***
_task_list                 0000003a   defined in Debug\scheduler.o section .ubsct
_td                        0000000c   defined in Debug\pid.o section .bsct, initialized
                                      used in Debug\stc1000p_lib.o
_temp_ntc1                 00000026   defined in Debug\c100_pid_main.o section .ubsct
                                      used in Debug\stc1000p_lib.o
_temp_ntc2                 00000024   defined in Debug\c100_pid_main.o section .ubsct
_temperature_control       000096f7   defined in Debug\stc1000p_lib.o section .text
                                      used in Debug\c100_pid_main.o
_ti                        0000000a   defined in Debug\pid.o section .bsct, initialized
                                      used in Debug\stc1000p_lib.o
_tmr2_val                  ********   *** removed from Debug\delay.o ***
_top_01                    000000b3   defined in Debug\stc1000p_lib.o section .ubsct
                                      used in Debug\c100_pid_main.o
_top_1                     000000b4   defined in Debug\stc1000p_lib.o section .ubsct
                                      used in Debug\c100_pid_main.o
_top_10                    000000b5   defined in Debug\stc1000p_lib.o section .ubsct
                                      used in Debug\c100_pid_main.o
_top_100                   000000b6   defined in Debug\stc1000p_lib.o section .ubsct
                                      used in Debug\c100_pid_main.o
_ts                        0000000e   defined in Debug\pid.o section .bsct, initialized
                                      used in Debug\c100_pid_main.o
                                              Debug\stc1000p_lib.o
_update_profile            00008e15   defined in Debug\stc1000p_lib.o section .text
                                      used in Debug\c100_pid_main.o
_val_to_bcd                00008cea   defined in Debug\stc1000p_lib.o section .text
_value_to_led              00008d2f   defined in Debug\stc1000p_lib.o section .text
                                      used in Debug\c100_pid_main.o
_yk_1                      0000002c   defined in Debug\pid.o section .ubsct
_yk_2                      0000002a   defined in Debug\pid.o section .ubsct
c_cmulx                    0000978f   defined in (C:\Program Files (x86)\COSMIC\FSE_Compilers\CXSTM8\Lib\libm0.sm8)cmulx.o section .text
                                      used in Debug\pid.o Debug\spi.o
c_divsl                    000097b1   defined in (C:\Program Files (x86)\COSMIC\FSE_Compilers\CXSTM8\Lib\libm0.sm8)ldiv.o section .text
                                      used in (C:\Program Files (x86)\COSMIC\FSE_Compilers\CXSTM8\Lib\libm0.sm8)lsdiv.o
c_divul                    000097c8   defined in (C:\Program Files (x86)\COSMIC\FSE_Compilers\CXSTM8\Lib\libm0.sm8)ldiv.o section .text
                                      used in (C:\Program Files (x86)\COSMIC\FSE_Compilers\CXSTM8\Lib\libm0.sm8)ludiv.o
c_itolx                    000097a3   defined in (C:\Program Files (x86)\COSMIC\FSE_Compilers\CXSTM8\Lib\libm0.sm8)itolx.o section .text
                                      used in Debug\pid.o Debug\stc1000p_lib.o
c_ladd                     ********   *** removed from (C:\Program Files (x86)\COSMIC\FSE_Compilers\CXSTM8\Lib\libm0.sm8)ladd.o ***
c_lcmp                     ********   *** removed from (C:\Program Files (x86)\COSMIC\FSE_Compilers\CXSTM8\Lib\libm0.sm8)lcmp.o ***
c_ldiv                     ********   *** removed from (C:\Program Files (x86)\COSMIC\FSE_Compilers\CXSTM8\Lib\libm0.sm8)lsdiv.o ***
c_lgadc                    ********   *** removed from (C:\Program Files (x86)\COSMIC\FSE_Compilers\CXSTM8\Lib\libm0.sm8)lgadc.o ***
c_lgadd                    0000989c   defined in (C:\Program Files (x86)\COSMIC\FSE_Compilers\CXSTM8\Lib\libm0.sm8)lgadd.o section .text
                                      used in Debug\pid.o Debug\stc1000p_lib.o
c_lglsh                    ********   *** removed from (C:\Program Files (x86)\COSMIC\FSE_Compilers\CXSTM8\Lib\libm0.sm8)lglsh.o ***
c_lgneg                    000098b3   defined in (C:\Program Files (x86)\COSMIC\FSE_Compilers\CXSTM8\Lib\libm0.sm8)lgneg.o section .text
                                      used in (C:\Program Files (x86)\COSMIC\FSE_Compilers\CXSTM8\Lib\libm0.sm8)ldiv.o
c_lgor                     ********   *** removed from (C:\Program Files (x86)\COSMIC\FSE_Compilers\CXSTM8\Lib\libm0.sm8)lgor.o ***
c_lgrsh                    000098c6   defined in (C:\Program Files (x86)\COSMIC\FSE_Compilers\CXSTM8\Lib\libm0.sm8)lgrsh.o section .text
                                      used in Debug\stc1000p_lib.o
c_lmul                     000098d4   defined in (C:\Program Files (x86)\COSMIC\FSE_Compilers\CXSTM8\Lib\libm0.sm8)lmul.o section .text
                                      used in Debug\pid.o
c_lmulc                    000098dc   defined in (C:\Program Files (x86)\COSMIC\FSE_Compilers\CXSTM8\Lib\libm0.sm8)lmul.o section .text
                                      *** not used ***
c_lneg                     0000995f   defined in (C:\Program Files (x86)\COSMIC\FSE_Compilers\CXSTM8\Lib\libm0.sm8)lneg.o section .text
                                      used in (C:\Program Files (x86)\COSMIC\FSE_Compilers\CXSTM8\Lib\libm0.sm8)lsdiv.o
                                              (C:\Program Files (x86)\COSMIC\FSE_Compilers\CXSTM8\Lib\libm0.sm8)ldiv.o
c_lreg                     000000b7   defined in (C:\Program Files (x86)\COSMIC\FSE_Compilers\CXSTM8\Lib\libm0.sm8)lreg.o section .ubsct
                                      used in Debug\delay.o Debug\pid.o
                                              Debug\spi.o
                                              (C:\Program Files (x86)\COSMIC\FSE_Compilers\CXSTM8\Lib\libm0.sm8)cmulx.o
                                              (C:\Program Files (x86)\COSMIC\FSE_Compilers\CXSTM8\Lib\libm0.sm8)itolx.o
                                              (C:\Program Files (x86)\COSMIC\FSE_Compilers\CXSTM8\Lib\libm0.sm8)ladd.o
                                              (C:\Program Files (x86)\COSMIC\FSE_Compilers\CXSTM8\Lib\libm0.sm8)lcmp.o
                                              (C:\Program Files (x86)\COSMIC\FSE_Compilers\CXSTM8\Lib\libm0.sm8)ldiv.o
                                              (C:\Program Files (x86)\COSMIC\FSE_Compilers\CXSTM8\Lib\libm0.sm8)lgadd.o
                                              (C:\Program Files (x86)\COSMIC\FSE_Compilers\CXSTM8\Lib\libm0.sm8)lgor.o
                                              (C:\Program Files (x86)\COSMIC\FSE_Compilers\CXSTM8\Lib\libm0.sm8)lmul.o
                                              (C:\Program Files (x86)\COSMIC\FSE_Compilers\CXSTM8\Lib\libm0.sm8)lneg.o
                                              (C:\Program Files (x86)\COSMIC\FSE_Compilers\CXSTM8\Lib\libm0.sm8)lsub.o
                                              (C:\Program Files (x86)\COSMIC\FSE_Compilers\CXSTM8\Lib\libm0.sm8)ltor.o
                                              (C:\Program Files (x86)\COSMIC\FSE_Compilers\CXSTM8\Lib\libm0.sm8)lursh.o
                                              (C:\Program Files (x86)\COSMIC\FSE_Compilers\CXSTM8\Lib\libm0.sm8)rtol.o
                                              (C:\Program Files (x86)\COSMIC\FSE_Compilers\CXSTM8\Lib\libm0.sm8)utolx.o
                                              (C:\Program Files (x86)\COSMIC\FSE_Compilers\CXSTM8\Lib\libm0.sm8)umul.o
c_lsub                     ********   *** removed from (C:\Program Files (x86)\COSMIC\FSE_Compilers\CXSTM8\Lib\libm0.sm8)lsub.o ***
c_ltor                     ********   *** removed from (C:\Program Files (x86)\COSMIC\FSE_Compilers\CXSTM8\Lib\libm0.sm8)ltor.o ***
c_ludv                     00009974   defined in (C:\Program Files (x86)\COSMIC\FSE_Compilers\CXSTM8\Lib\libm0.sm8)ludiv.o section .text
                                      used in Debug\pid.o
c_lursh                    ********   *** removed from (C:\Program Files (x86)\COSMIC\FSE_Compilers\CXSTM8\Lib\libm0.sm8)lursh.o ***
c_rtol                     00009988   defined in (C:\Program Files (x86)\COSMIC\FSE_Compilers\CXSTM8\Lib\libm0.sm8)rtol.o section .text
                                      used in Debug\delay.o Debug\pid.o
                                              Debug\spi.o
c_uitolx                   0000999a   defined in (C:\Program Files (x86)\COSMIC\FSE_Compilers\CXSTM8\Lib\libm0.sm8)utolx.o section .text
                                      used in Debug\delay.o Debug\pid.o
                                              Debug\spi.o
c_umul                     000099a1   defined in (C:\Program Files (x86)\COSMIC\FSE_Compilers\CXSTM8\Lib\libm0.sm8)umul.o section .text
                                      used in Debug\pid.o
c_x                        000000bb   defined in (C:\Program Files (x86)\COSMIC\FSE_Compilers\CXSTM8\Lib\libm0.sm8)xreg.o section .ubsct
                                      used in C:\Program Files (x86)\COSMIC\FSE_Compilers\CXSTM8\Lib\crtsi0.sm8
                                              Debug\c100_pid_main.o
                                              Debug\stc1000p_lib.o
                                              (C:\Program Files (x86)\COSMIC\FSE_Compilers\CXSTM8\Lib\libm0.sm8)lsdiv.o
                                              (C:\Program Files (x86)\COSMIC\FSE_Compilers\CXSTM8\Lib\libm0.sm8)ldiv.o
                                              (C:\Program Files (x86)\COSMIC\FSE_Compilers\CXSTM8\Lib\libm0.sm8)lmul.o
                                              (C:\Program Files (x86)\COSMIC\FSE_Compilers\CXSTM8\Lib\libm0.sm8)umul.o
c_y                        000000be   defined in (C:\Program Files (x86)\COSMIC\FSE_Compilers\CXSTM8\Lib\libm0.sm8)yreg.o section .ubsct
                                      used in C:\Program Files (x86)\COSMIC\FSE_Compilers\CXSTM8\Lib\crtsi0.sm8
                                              Debug\c100_pid_main.o
                                              (C:\Program Files (x86)\COSMIC\FSE_Compilers\CXSTM8\Lib\libm0.sm8)umul.o
f_NonHandledInterrupt      000099dd   defined in Debug\stm8_interrupt_vector.o section .text
