
Map of Debug\c100_pid_stm8s105.sm8 from link file Debug\c100_pid_stm8s105.lkf - Fri Jun 30 15:18:27 2017


                               --------
                               Segments
                               --------

start 00008080 end 000080f4 length   116 segment .const
start 00008123 end 00009674 length  5457 segment .text
start 00004000 end 0000410c length   268 segment .eeprom
start 00000000 end 00000021 length    33 segment .bsct, initialized
start 00008101 end 00008122 length    33 segment .bsct, from
start 00000021 end 000000bc length   155 segment .ubsct
start 0000bc:0 end 0000bc:5 length     5 segment .bit, initialized
start 00008122 end 00008123 length     1 segment .bit, from
start 000000bd end 000000bd length     0 segment .share
start 00000100 end 00000100 length     0 segment .data
start 00000100 end 00000100 length     0 segment .bss
start 00000000 end 00000787 length  1927 segment .info.
start 00000000 end 00008b26 length 35622 segment .debug
start 00008000 end 00008080 length   128 segment .const
start 000080f4 end 00008101 length    13 segment .init


                               -------
                               Modules
                               -------

C:\Program Files (x86)\COSMIC\FSE_Compilers\CXSTM8\Lib\crtsi0.sm8:
start 00008123 end 00008173 length    80 section .text
start 00000100 end 00000100 length     0 section .bss
start 00000021 end 00000021 length     0 section .ubsct
start 00000000 end 0000002f length    47 section .info.

Debug\c100_pid_main.o:
start 00008173 end 000084d6 length   867 section .text
start 00000000 end 00000009 length     9 section .bsct
start 00000021 end 0000002b length    10 section .ubsct
start 00000000 end 00001f51 length  8017 section .debug
start 0000002f end 000000a1 length   114 section .info.
start 0000bc:0 end 0000bc:1 length     1 section .bit
start 00008080 end 00008084 length     4 section .const

Debug\delay.o:
start ******** end ******** length     0 section .text *** removed ***
start ******** end ******** length     0 section .bsct *** removed ***
start 00001f51 end 00003cc7 length  7542 section .debug
start 000000a1 end 0000010b length   106 section .info.

Debug\eep.o:
start 000084d6 end 00008547 length   113 section .text
start 00003cc7 end 00005960 length  7321 section .debug
start 0000010b end 00000173 length   104 section .info.

Debug\pid.o:
start 00008547 end 0000864b length   260 section .text
start 00000009 end 00000010 length     7 section .bsct
start 0000002b end 0000003b length    16 section .ubsct
start 00005960 end 00005bf9 length   665 section .debug
start 00000173 end 000001db length   104 section .info.

Debug\scheduler.o:
start 0000864b end 000088b0 length   613 section .text
start 00000010 end 00000011 length     1 section .bsct
start 0000003b end 000000a4 length   105 section .ubsct
start 00005bf9 end 00006177 length  1406 section .debug
start 000001db end 00000249 length   110 section .info.

Debug\stc1000p_lib.o:
start 000088b0 end 000093ec length  2876 section .text
start 00000011 end 00000021 length    16 section .bsct
start 000000a4 end 000000b2 length    14 section .ubsct
start 00006177 end 000089bb length 10308 section .debug
start 00000249 end 000002ba length   113 section .info.
start 00008084 end 000080f4 length   112 section .const
start 00004000 end 0000410c length   268 section .eeprom
start 0000bc:1 end 0000bc:5 length     4 section .bit

(C:\Program Files (x86)\COSMIC\FSE_Compilers\CXSTM8\Lib\libis0.sm8)strcmp0.o:
start 000093ec end 000093ff length    19 section .text
start 000002ba end 000002e8 length    46 section .info.

(C:\Program Files (x86)\COSMIC\FSE_Compilers\CXSTM8\Lib\libis0.sm8)strncp.o:
start 000093ff end 00009425 length    38 section .text
start 000002e8 end 0000035c length   116 section .info.

(C:\Program Files (x86)\COSMIC\FSE_Compilers\CXSTM8\Lib\libm0.sm8)cmulx.o:
start 00009425 end 00009439 length    20 section .text
start 0000035c end 0000038b length    47 section .info.

(C:\Program Files (x86)\COSMIC\FSE_Compilers\CXSTM8\Lib\libm0.sm8)itolx.o:
start 00009439 end 00009447 length    14 section .text
start 0000038b end 000003ba length    47 section .info.

(C:\Program Files (x86)\COSMIC\FSE_Compilers\CXSTM8\Lib\libm0.sm8)lcmp.o:
start ******** end ******** length     0 section .text *** removed ***
start 000003ba end 000003e8 length    46 section .info.

(C:\Program Files (x86)\COSMIC\FSE_Compilers\CXSTM8\Lib\libm0.sm8)lgadc.o:
start ******** end ******** length     0 section .text *** removed ***
start 000003e8 end 00000417 length    47 section .info.

(C:\Program Files (x86)\COSMIC\FSE_Compilers\CXSTM8\Lib\libm0.sm8)lgadd.o:
start 00009447 end 0000945e length    23 section .text
start 00000417 end 00000446 length    47 section .info.

(C:\Program Files (x86)\COSMIC\FSE_Compilers\CXSTM8\Lib\libm0.sm8)lgrsh.o:
start 0000945e end 0000946c length    14 section .text
start 00000446 end 00000475 length    47 section .info.

(C:\Program Files (x86)\COSMIC\FSE_Compilers\CXSTM8\Lib\libm0.sm8)lmul.o:
start 0000946c end 000094f7 length   139 section .text
start 00000475 end 000004a3 length    46 section .info.

(C:\Program Files (x86)\COSMIC\FSE_Compilers\CXSTM8\Lib\libm0.sm8)lreg.o:
start 000000b2 end 000000b6 length     4 section .ubsct
start 000004a3 end 000004d1 length    46 section .info.

(C:\Program Files (x86)\COSMIC\FSE_Compilers\CXSTM8\Lib\libm0.sm8)lsub.o:
start ******** end ******** length     0 section .text *** removed ***
start 000004d1 end 000004ff length    46 section .info.

(C:\Program Files (x86)\COSMIC\FSE_Compilers\CXSTM8\Lib\libm0.sm8)ltor.o:
start ******** end ******** length     0 section .text *** removed ***
start 000004ff end 0000052d length    46 section .info.

(C:\Program Files (x86)\COSMIC\FSE_Compilers\CXSTM8\Lib\libm0.sm8)ludiv.o:
start 000094f7 end 0000950b length    20 section .text
start 0000052d end 0000055c length    47 section .info.

(C:\Program Files (x86)\COSMIC\FSE_Compilers\CXSTM8\Lib\libm0.sm8)ldiv.o:
start 0000950b end 000095f6 length   235 section .text
start 0000055c end 0000058a length    46 section .info.

(C:\Program Files (x86)\COSMIC\FSE_Compilers\CXSTM8\Lib\libm0.sm8)lgneg.o:
start 000095f6 end 00009609 length    19 section .text
start 0000058a end 000005b9 length    47 section .info.

(C:\Program Files (x86)\COSMIC\FSE_Compilers\CXSTM8\Lib\libm0.sm8)lneg.o:
start 00009609 end 0000961e length    21 section .text
start 000005b9 end 000005e7 length    46 section .info.

(C:\Program Files (x86)\COSMIC\FSE_Compilers\CXSTM8\Lib\libm0.sm8)rtol.o:
start 0000961e end 00009630 length    18 section .text
start 000005e7 end 00000615 length    46 section .info.

(C:\Program Files (x86)\COSMIC\FSE_Compilers\CXSTM8\Lib\libm0.sm8)utolx.o:
start 00009630 end 00009637 length     7 section .text
start 00000615 end 00000644 length    47 section .info.

(C:\Program Files (x86)\COSMIC\FSE_Compilers\CXSTM8\Lib\libm0.sm8)umul.o:
start 00009637 end 00009673 length    60 section .text
start 00000644 end 00000672 length    46 section .info.

(C:\Program Files (x86)\COSMIC\FSE_Compilers\CXSTM8\Lib\libm0.sm8)xreg.o:
start 000000b6 end 000000b9 length     3 section .ubsct
start 00000672 end 000006a0 length    46 section .info.

(C:\Program Files (x86)\COSMIC\FSE_Compilers\CXSTM8\Lib\libm0.sm8)yreg.o:
start 000000b9 end 000000bc length     3 section .ubsct
start 000006a0 end 000006ce length    46 section .info.

Debug\stm8_interrupt_vector.o:
start 00009673 end 00009674 length     1 section .text
start 000089bb end 00008b26 length   363 section .debug
start 000006ce end 00000748 length   122 section .info.
start 00008000 end 00008080 length   128 section .const


                             -----------
                             Stack usage
                             -----------

Debug\c100_pid_main.o:
_TIM2_UPD_OVF_IRQHandler  >   20   (11)
_initialise_system_clock       2   (2)
_main                     >   31   (4)
_multiplexer                   9   (3)
_set_hc164                     6   (6)
_setup_gpio_ports              2   (2)
_setup_timer2                  2   (2)
_std_task                     24   (2)

Debug\eep.o:
_eeprom_read_config            6   (6)
_eeprom_write_config          13   (7)

Debug\pid.o:
_init_pid                     29   (15)
_pid_ctrl                     18   (12)

Debug\scheduler.o:
_add_task                     25   (15)
_disable_task             >   10   (6)
_dispatch_tasks               27   (3) *** pointer() ***
_enable_task              >   10   (6)
_scheduler_init           >    2   (2)
_scheduler_isr                 3   (3)
_set_task_time_period     >   12   (8)

Debug\stc1000p_lib.o:
_check_config_value           18   (10)
_divu10                       12   (12)
_enable_cooling                2   (2)
_enable_heating                2   (2)
_init_temp_delays              8   (2)
_menu_fsm                     22   (4)
_min_to_sec                   10   (4)
_pid_control              >   31   (2)
_prx_to_led                    4   (4)
_range                         8   (8)
_read_buttons                 10   (4)
_temperature_control      >   12   (2)
_update_profile           >   30   (17)
_value_to_led                 18   (6)

Debug\stm8_interrupt_vector.o:
f_NonHandledInterrupt     >    6   (6)

C:\Program Files (x86:
_strcmp                        4   (4)
_strncpy                      10   (10)

Stack size: 51


                              ---------
                              Call tree
                              ---------
   1 > _TIM2_UPD_OVF_IRQHandler: (11)
   2      + _multiplexer: (3)
   3      |    + _set_hc164: (6)
          | 
   4      + _scheduler_isr: (3)
       
   5 > __stext: (0)

   6 > _disable_task: (6)
   7      + _strcmp: (4)
       
   8 > _enable_task: (6)
   9      + _strcmp --> 7
       
  10 > _main: (4)
  11      + _add_task: (15)
  12      |    + _strncpy: (10)
          | 
  13      + _dispatch_tasks: (3)
  14      |    + (_std_task) ...
          | 
  15      + _initialise_system_clock: (2)
  16      + _setup_gpio_ports: (2)
  17      + _setup_timer2: (2)
       
  18 > _pid_control: (2)
  19      + _eeprom_read_config: (6)
  20      + _init_pid: (15)
  21      + _init_temp_delays: (2)
  22      |    + _eeprom_read_config --> 19
          | 
  23      + _pid_ctrl: (12)
       
  24 > _scheduler_init: (2)

  25 > _set_task_time_period: (8)
  26      + _strcmp --> 7
       
  27 > _temperature_control: (2)
  28      + _enable_cooling: (2)
  29      + _enable_heating: (2)
  30      + _init_temp_delays --> 21
  31      + _min_to_sec: (4)
  32      |    + _eeprom_read_config --> 19
          | 
       
  33 > _update_profile: (17)
  34      + _eeprom_read_config --> 19
  35      + _eeprom_write_config: (7)
  36      |    + _eeprom_read_config --> 19
          | 
       
  37 > f_NonHandledInterrupt: (6)

  38   _add_task --> 11

  39   _check_config_value: (10)
  40      + _range: (8)
       
  41   _dispatch_tasks --> 13

  42   _divu10: (12)

  43   _eeprom_read_config --> 19

  44   _eeprom_write_config --> 35

  45   _enable_cooling --> 28

  46   _enable_heating --> 29

  47   _init_pid --> 20

  48   _init_temp_delays --> 21

  49   _initialise_system_clock --> 15

  50   _menu_fsm: (4)
  51      + _check_config_value --> 39
  52      + _eeprom_read_config --> 19
  53      + _eeprom_write_config --> 35
  54      + _prx_to_led: (4)
  55      + _value_to_led: (6)
  56      |    + _divu10 --> 42
          | 
       
  57   _min_to_sec --> 31

  58   _multiplexer --> 2

  59   _pid_ctrl --> 23

  60   _prx_to_led --> 54

  61   _range --> 40

  62   _read_buttons: (4)
  63      + _set_hc164 --> 3
       
  64   _scheduler_isr --> 4

  65   _set_hc164 --> 3

  66   _setup_gpio_ports --> 16

  67   _setup_timer2 --> 17

  68   _std_task: (2)
  69      + _menu_fsm --> 50
  70      + _read_buttons --> 62
       
  71   _strcmp --> 7

  72   _strncpy --> 12

  73   _value_to_led --> 55



                               -------
                               Symbols
                               -------

_ADC_AWCRH                 0000540e   defined in Debug\c100_pid_main.o
_ADC_AWCRL                 0000540f   defined in Debug\c100_pid_main.o
_ADC_AWSRH                 0000540c   defined in Debug\c100_pid_main.o
_ADC_AWSRL                 0000540d   defined in Debug\c100_pid_main.o
_ADC_CR1                   00005401   defined in Debug\c100_pid_main.o
_ADC_CR2                   00005402   defined in Debug\c100_pid_main.o
_ADC_CR3                   00005403   defined in Debug\c100_pid_main.o
_ADC_CSR                   00005400   defined in Debug\c100_pid_main.o
_ADC_DBR                   000053e0   defined in Debug\c100_pid_main.o
_ADC_DRH                   00005404   defined in Debug\c100_pid_main.o
_ADC_DRL                   00005405   defined in Debug\c100_pid_main.o
_ADC_HTRH                  00005408   defined in Debug\c100_pid_main.o
_ADC_HTRL                  00005409   defined in Debug\c100_pid_main.o
_ADC_LTRH                  0000540a   defined in Debug\c100_pid_main.o
_ADC_LTRL                  0000540b   defined in Debug\c100_pid_main.o
_ADC_TDRH                  00005406   defined in Debug\c100_pid_main.o
_ADC_TDRL                  00005407   defined in Debug\c100_pid_main.o
_AWU_APR                   000050f1   defined in Debug\c100_pid_main.o
_AWU_CSR1                  000050f0   defined in Debug\c100_pid_main.o
_AWU_TBR                   000050f2   defined in Debug\c100_pid_main.o
_BEEP_CSR                  000050f3   defined in Debug\c100_pid_main.o
_CFG_GCR                   00007f60   defined in Debug\c100_pid_main.o
_CLK_CANCCR                000050cb   defined in Debug\c100_pid_main.o
_CLK_CCOR                  000050c9   defined in Debug\c100_pid_main.o
_CLK_CKDIVR                000050c6   defined in Debug\c100_pid_main.o
_CLK_CMSR                  000050c3   defined in Debug\c100_pid_main.o
_CLK_CSSR                  000050c8   defined in Debug\c100_pid_main.o
_CLK_ECKCR                 000050c1   defined in Debug\c100_pid_main.o
_CLK_HSITRIMR              000050cc   defined in Debug\c100_pid_main.o
_CLK_ICKCR                 000050c0   defined in Debug\c100_pid_main.o
_CLK_PCKENR1               000050c7   defined in Debug\c100_pid_main.o
_CLK_PCKENR2               000050ca   defined in Debug\c100_pid_main.o
_CLK_SWCR                  000050c5   defined in Debug\c100_pid_main.o
_CLK_SWIMCCR               000050cd   defined in Debug\c100_pid_main.o
_CLK_SWR                   000050c4   defined in Debug\c100_pid_main.o
_DM_BK1RE                  00007f90   defined in Debug\c100_pid_main.o
_DM_BK1RH                  00007f91   defined in Debug\c100_pid_main.o
_DM_BK1RL                  00007f92   defined in Debug\c100_pid_main.o
_DM_BK2RE                  00007f93   defined in Debug\c100_pid_main.o
_DM_BK2RH                  00007f94   defined in Debug\c100_pid_main.o
_DM_BK2RL                  00007f95   defined in Debug\c100_pid_main.o
_DM_CR1                    00007f96   defined in Debug\c100_pid_main.o
_DM_CR2                    00007f97   defined in Debug\c100_pid_main.o
_DM_CSR1                   00007f98   defined in Debug\c100_pid_main.o
_DM_CSR2                   00007f99   defined in Debug\c100_pid_main.o
_DM_ENFCTR                 00007f9a   defined in Debug\c100_pid_main.o
_EXTI_CR1                  000050a0   defined in Debug\c100_pid_main.o
_EXTI_CR2                  000050a1   defined in Debug\c100_pid_main.o
_FLASH_CR1                 0000505a   defined in Debug\c100_pid_main.o
_FLASH_CR2                 0000505b   defined in Debug\c100_pid_main.o
_FLASH_DUKR                00005064   defined in Debug\c100_pid_main.o
_FLASH_FPR                 0000505d   defined in Debug\c100_pid_main.o
_FLASH_IAPSR               0000505f   defined in Debug\c100_pid_main.o
_FLASH_NCR2                0000505c   defined in Debug\c100_pid_main.o
_FLASH_NFPR                0000505e   defined in Debug\c100_pid_main.o
_FLASH_PUKR                00005062   defined in Debug\c100_pid_main.o
_I2C_CCRH                  0000521c   defined in Debug\c100_pid_main.o
_I2C_CCRL                  0000521b   defined in Debug\c100_pid_main.o
_I2C_CR1                   00005210   defined in Debug\c100_pid_main.o
_I2C_CR2                   00005211   defined in Debug\c100_pid_main.o
_I2C_DR                    00005216   defined in Debug\c100_pid_main.o
_I2C_FREQR                 00005212   defined in Debug\c100_pid_main.o
_I2C_ITR                   0000521a   defined in Debug\c100_pid_main.o
_I2C_OARH                  00005214   defined in Debug\c100_pid_main.o
_I2C_OARL                  00005213   defined in Debug\c100_pid_main.o
_I2C_PECR                  0000521e   defined in Debug\c100_pid_main.o
_I2C_SR1                   00005217   defined in Debug\c100_pid_main.o
_I2C_SR2                   00005218   defined in Debug\c100_pid_main.o
_I2C_SR3                   00005219   defined in Debug\c100_pid_main.o
_I2C_TRISER                0000521d   defined in Debug\c100_pid_main.o
_ITC_SPR1                  00007f70   defined in Debug\c100_pid_main.o
_ITC_SPR2                  00007f71   defined in Debug\c100_pid_main.o
_ITC_SPR3                  00007f72   defined in Debug\c100_pid_main.o
_ITC_SPR4                  00007f73   defined in Debug\c100_pid_main.o
_ITC_SPR5                  00007f74   defined in Debug\c100_pid_main.o
_ITC_SPR6                  00007f75   defined in Debug\c100_pid_main.o
_ITC_SPR7                  00007f76   defined in Debug\c100_pid_main.o
_ITC_SPR8                  00007f77   defined in Debug\c100_pid_main.o
_IWDG_KR                   000050e0   defined in Debug\c100_pid_main.o
_IWDG_PR                   000050e1   defined in Debug\c100_pid_main.o
_IWDG_RLR                  000050e2   defined in Debug\c100_pid_main.o
_PA_CR1                    00005003   defined in Debug\c100_pid_main.o
_PA_CR2                    00005004   defined in Debug\c100_pid_main.o
_PA_DDR                    00005002   defined in Debug\c100_pid_main.o
_PA_IDR                    00005001   defined in Debug\c100_pid_main.o
_PA_ODR                    00005000   defined in Debug\c100_pid_main.o
_PB_CR1                    00005008   defined in Debug\c100_pid_main.o
_PB_CR2                    00005009   defined in Debug\c100_pid_main.o
_PB_DDR                    00005007   defined in Debug\c100_pid_main.o
_PB_IDR                    00005006   defined in Debug\c100_pid_main.o
_PB_ODR                    00005005   defined in Debug\c100_pid_main.o
_PC_CR1                    0000500d   defined in Debug\c100_pid_main.o
_PC_CR2                    0000500e   defined in Debug\c100_pid_main.o
_PC_DDR                    0000500c   defined in Debug\c100_pid_main.o
_PC_IDR                    0000500b   defined in Debug\c100_pid_main.o
_PC_ODR                    0000500a   defined in Debug\c100_pid_main.o
_PD_CR1                    00005012   defined in Debug\c100_pid_main.o
_PD_CR2                    00005013   defined in Debug\c100_pid_main.o
_PD_DDR                    00005011   defined in Debug\c100_pid_main.o
_PD_IDR                    00005010   defined in Debug\c100_pid_main.o
_PD_ODR                    0000500f   defined in Debug\c100_pid_main.o
_PE_CR1                    00005017   defined in Debug\c100_pid_main.o
_PE_CR2                    00005018   defined in Debug\c100_pid_main.o
_PE_DDR                    00005016   defined in Debug\c100_pid_main.o
_PE_IDR                    00005015   defined in Debug\c100_pid_main.o
_PE_ODR                    00005014   defined in Debug\c100_pid_main.o
_PF_CR1                    0000501c   defined in Debug\c100_pid_main.o
_PF_CR2                    0000501d   defined in Debug\c100_pid_main.o
_PF_DDR                    0000501b   defined in Debug\c100_pid_main.o
_PF_IDR                    0000501a   defined in Debug\c100_pid_main.o
_PF_ODR                    00005019   defined in Debug\c100_pid_main.o
_PG_CR1                    00005021   defined in Debug\c100_pid_main.o
_PG_CR2                    00005022   defined in Debug\c100_pid_main.o
_PG_DDR                    00005020   defined in Debug\c100_pid_main.o
_PG_IDR                    0000501f   defined in Debug\c100_pid_main.o
_PG_ODR                    0000501e   defined in Debug\c100_pid_main.o
_PH_CR1                    00005026   defined in Debug\c100_pid_main.o
_PH_CR2                    00005027   defined in Debug\c100_pid_main.o
_PH_DDR                    00005025   defined in Debug\c100_pid_main.o
_PH_IDR                    00005024   defined in Debug\c100_pid_main.o
_PH_ODR                    00005023   defined in Debug\c100_pid_main.o
_PI_CR1                    0000502b   defined in Debug\c100_pid_main.o
_PI_CR2                    0000502c   defined in Debug\c100_pid_main.o
_PI_DDR                    0000502a   defined in Debug\c100_pid_main.o
_PI_IDR                    00005029   defined in Debug\c100_pid_main.o
_PI_ODR                    00005028   defined in Debug\c100_pid_main.o
_RST_SR                    000050b3   defined in Debug\c100_pid_main.o
_SPI_CR1                   00005200   defined in Debug\c100_pid_main.o
_SPI_CR2                   00005201   defined in Debug\c100_pid_main.o
_SPI_CRCPR                 00005205   defined in Debug\c100_pid_main.o
_SPI_DR                    00005204   defined in Debug\c100_pid_main.o
_SPI_ICR                   00005202   defined in Debug\c100_pid_main.o
_SPI_RXCRCR                00005206   defined in Debug\c100_pid_main.o
_SPI_SR                    00005203   defined in Debug\c100_pid_main.o
_SPI_TXCRCR                00005207   defined in Debug\c100_pid_main.o
_SWIM_CSR                  00007f80   defined in Debug\c100_pid_main.o
_TIM1_ARRH                 00005262   defined in Debug\c100_pid_main.o
_TIM1_ARRL                 00005263   defined in Debug\c100_pid_main.o
_TIM1_BKR                  0000526d   defined in Debug\c100_pid_main.o
_TIM1_CCER1                0000525c   defined in Debug\c100_pid_main.o
_TIM1_CCER2                0000525d   defined in Debug\c100_pid_main.o
_TIM1_CCMR1                00005258   defined in Debug\c100_pid_main.o
_TIM1_CCMR2                00005259   defined in Debug\c100_pid_main.o
_TIM1_CCMR3                0000525a   defined in Debug\c100_pid_main.o
_TIM1_CCMR4                0000525b   defined in Debug\c100_pid_main.o
_TIM1_CCR1H                00005265   defined in Debug\c100_pid_main.o
_TIM1_CCR1L                00005266   defined in Debug\c100_pid_main.o
_TIM1_CCR2H                00005267   defined in Debug\c100_pid_main.o
_TIM1_CCR2L                00005268   defined in Debug\c100_pid_main.o
_TIM1_CCR3H                00005269   defined in Debug\c100_pid_main.o
_TIM1_CCR3L                0000526a   defined in Debug\c100_pid_main.o
_TIM1_CCR4H                0000526b   defined in Debug\c100_pid_main.o
_TIM1_CCR4L                0000526c   defined in Debug\c100_pid_main.o
_TIM1_CNTRH                0000525e   defined in Debug\c100_pid_main.o
_TIM1_CNTRL                0000525f   defined in Debug\c100_pid_main.o
_TIM1_CR1                  00005250   defined in Debug\c100_pid_main.o
_TIM1_CR2                  00005251   defined in Debug\c100_pid_main.o
_TIM1_DTR                  0000526e   defined in Debug\c100_pid_main.o
_TIM1_EGR                  00005257   defined in Debug\c100_pid_main.o
_TIM1_ETR                  00005253   defined in Debug\c100_pid_main.o
_TIM1_IER                  00005254   defined in Debug\c100_pid_main.o
_TIM1_OISR                 0000526f   defined in Debug\c100_pid_main.o
_TIM1_PSCRH                00005260   defined in Debug\c100_pid_main.o
_TIM1_PSCRL                00005261   defined in Debug\c100_pid_main.o
_TIM1_RCR                  00005264   defined in Debug\c100_pid_main.o
_TIM1_SMCR                 00005252   defined in Debug\c100_pid_main.o
_TIM1_SR1                  00005255   defined in Debug\c100_pid_main.o
_TIM1_SR2                  00005256   defined in Debug\c100_pid_main.o
_TIM2_ARRH                 0000530d   defined in Debug\c100_pid_main.o
_TIM2_ARRL                 0000530e   defined in Debug\c100_pid_main.o
_TIM2_CCER1                00005308   defined in Debug\c100_pid_main.o
_TIM2_CCER2                00005309   defined in Debug\c100_pid_main.o
_TIM2_CCMR1                00005305   defined in Debug\c100_pid_main.o
_TIM2_CCMR2                00005306   defined in Debug\c100_pid_main.o
_TIM2_CCMR3                00005307   defined in Debug\c100_pid_main.o
_TIM2_CCR1H                0000530f   defined in Debug\c100_pid_main.o
_TIM2_CCR1L                00005310   defined in Debug\c100_pid_main.o
_TIM2_CCR2H                00005311   defined in Debug\c100_pid_main.o
_TIM2_CCR2L                00005312   defined in Debug\c100_pid_main.o
_TIM2_CCR3H                00005313   defined in Debug\c100_pid_main.o
_TIM2_CCR3L                00005314   defined in Debug\c100_pid_main.o
_TIM2_CNTRH                0000530a   defined in Debug\c100_pid_main.o
_TIM2_CNTRL                0000530b   defined in Debug\c100_pid_main.o
_TIM2_CR1                  00005300   defined in Debug\c100_pid_main.o
_TIM2_EGR                  00005304   defined in Debug\c100_pid_main.o
_TIM2_IER                  00005301   defined in Debug\c100_pid_main.o
_TIM2_PSCR                 0000530c   defined in Debug\c100_pid_main.o
_TIM2_SR1                  00005302   defined in Debug\c100_pid_main.o
_TIM2_SR2                  00005303   defined in Debug\c100_pid_main.o
_TIM2_UPD_OVF_IRQHandler   000083ab   defined in Debug\c100_pid_main.o section .text
                                      used in Debug\stm8_interrupt_vector.o
_TIM3_ARRH                 0000532b   defined in Debug\c100_pid_main.o
_TIM3_ARRL                 0000532c   defined in Debug\c100_pid_main.o
_TIM3_CCER1                00005327   defined in Debug\c100_pid_main.o
_TIM3_CCMR1                00005325   defined in Debug\c100_pid_main.o
_TIM3_CCMR2                00005326   defined in Debug\c100_pid_main.o
_TIM3_CCR1H                0000532d   defined in Debug\c100_pid_main.o
_TIM3_CCR1L                0000532e   defined in Debug\c100_pid_main.o
_TIM3_CCR2H                0000532f   defined in Debug\c100_pid_main.o
_TIM3_CCR2L                00005330   defined in Debug\c100_pid_main.o
_TIM3_CNTRH                00005328   defined in Debug\c100_pid_main.o
_TIM3_CNTRL                00005329   defined in Debug\c100_pid_main.o
_TIM3_CR1                  00005320   defined in Debug\c100_pid_main.o
_TIM3_EGR                  00005324   defined in Debug\c100_pid_main.o
_TIM3_IER                  00005321   defined in Debug\c100_pid_main.o
_TIM3_PSCR                 0000532a   defined in Debug\c100_pid_main.o
_TIM3_SR1                  00005322   defined in Debug\c100_pid_main.o
_TIM3_SR2                  00005323   defined in Debug\c100_pid_main.o
_TIM4_ARR                  00005346   defined in Debug\c100_pid_main.o
_TIM4_CNTR                 00005344   defined in Debug\c100_pid_main.o
_TIM4_CR1                  00005340   defined in Debug\c100_pid_main.o
_TIM4_EGR                  00005343   defined in Debug\c100_pid_main.o
_TIM4_IER                  00005341   defined in Debug\c100_pid_main.o
_TIM4_PSCR                 00005345   defined in Debug\c100_pid_main.o
_TIM4_SR                   00005342   defined in Debug\c100_pid_main.o
_UART2_BRR1                00005242   defined in Debug\c100_pid_main.o
_UART2_BRR2                00005243   defined in Debug\c100_pid_main.o
_UART2_CR1                 00005244   defined in Debug\c100_pid_main.o
_UART2_CR2                 00005245   defined in Debug\c100_pid_main.o
_UART2_CR3                 00005246   defined in Debug\c100_pid_main.o
_UART2_CR4                 00005247   defined in Debug\c100_pid_main.o
_UART2_CR6                 00005249   defined in Debug\c100_pid_main.o
_UART2_DR                  00005241   defined in Debug\c100_pid_main.o
_UART2_GTR                 0000524a   defined in Debug\c100_pid_main.o
_UART2_PSCR                0000524b   defined in Debug\c100_pid_main.o
_UART2_SR                  00005240   defined in Debug\c100_pid_main.o
_WWDG_CR                   000050d1   defined in Debug\c100_pid_main.o
_WWDG_WR                   000050d2   defined in Debug\c100_pid_main.o
__buttons                  0000001a   defined in Debug\stc1000p_lib.o section .bsct, initialized
__endmem                   000005ff   defined in command file
                                      *** not used ***
__endzp                    000000bc   defined in command file section .ubsct
                                      used in C:\Program Files (x86)\COSMIC\FSE_Compilers\CXSTM8\Lib\crtsi0.sm8
__idesc__                  000080f4   defined in linker section .init
                                      used in C:\Program Files (x86)\COSMIC\FSE_Compilers\CXSTM8\Lib\crtsi0.sm8
__memory                   00000100   defined in command file section .bss
                                      used in C:\Program Files (x86)\COSMIC\FSE_Compilers\CXSTM8\Lib\crtsi0.sm8
__stack                    000007ff   defined in command file
                                      used in C:\Program Files (x86)\COSMIC\FSE_Compilers\CXSTM8\Lib\crtsi0.sm8
__startmem                 00000100   defined in command file section .bss
                                      *** not used ***
__stext                    00008123   defined in C:\Program Files (x86)\COSMIC\FSE_Compilers\CXSTM8\Lib\crtsi0.sm8 section .text
                                      used in Debug\stm8_interrupt_vector.o
__vectab                   00008000   defined in Debug\stm8_interrupt_vector.o section .const
_add_task                  00008700   defined in Debug\scheduler.o section .text
                                      used in Debug\c100_pid_main.o
_check_config_value        00008b4c   defined in Debug\stc1000p_lib.o section .text
_config_item               00000018   defined in Debug\stc1000p_lib.o section .bsct, initialized
_config_value              000000ad   defined in Debug\stc1000p_lib.o section .ubsct
_cooling_delay             00000012   defined in Debug\stc1000p_lib.o section .bsct, initialized
_curr_dur                  0000001c   defined in Debug\stc1000p_lib.o section .bsct, initialized
_delay_msec                ********   *** removed from Debug\delay.o ***
_delay_usec                ********   *** removed from Debug\delay.o ***
_delay_val                 00000000   defined in Debug\c100_pid_main.o section .bsct, initialized
_disable_task              000087fc   defined in Debug\scheduler.o section .text
_dispatch_tasks            000086b5   defined in Debug\scheduler.o section .text
                                      used in Debug\c100_pid_main.o
_divu10                    000088b0   defined in Debug\stc1000p_lib.o section .text
_eedata                    00004000   defined in Debug\stc1000p_lib.o section .eeprom
                                      used in Debug\c100_pid_main.o
_eeprom_read_config        000084d6   defined in Debug\eep.o section .text
                                      used in Debug\stc1000p_lib.o
_eeprom_write_config       0000850d   defined in Debug\eep.o section .text
                                      used in Debug\stc1000p_lib.o
_enable_cooling            00009296   defined in Debug\stc1000p_lib.o section .text
_enable_heating            000092a9   defined in Debug\stc1000p_lib.o section .text
_enable_task               000087a1   defined in Debug\scheduler.o section .text
_exit                      00008171   defined in C:\Program Files (x86)\COSMIC\FSE_Compilers\CXSTM8\Lib\crtsi0.sm8 section .text
_fahrenheit                0000bc:3   defined in Debug\stc1000p_lib.o section .bit, initialized
_hc164_val                 00000021   defined in Debug\c100_pid_main.o section .ubsct
                                      used in Debug\stc1000p_lib.o
_heating_delay             00000014   defined in Debug\stc1000p_lib.o section .bsct, initialized
_hysteresis                000000a8   defined in Debug\stc1000p_lib.o section .ubsct
_hysteresis2               000000a6   defined in Debug\stc1000p_lib.o section .ubsct
_init_pid                  00008547   defined in Debug\pid.o section .text
                                      used in Debug\stc1000p_lib.o
_init_temp_delays          00009263   defined in Debug\stc1000p_lib.o section .text
_initialise_system_clock   00008475   defined in Debug\c100_pid_main.o section .text
_irq_cnt                   00000004   defined in Debug\c100_pid_main.o section .bsct, initialized
_kc                        00000009   defined in Debug\pid.o section .bsct, initialized
                                      used in Debug\stc1000p_lib.o
_kd                        00000033   defined in Debug\pid.o section .ubsct
_key_held_tmr              000000ac   defined in Debug\stc1000p_lib.o section .ubsct
_ki                        00000037   defined in Debug\pid.o section .ubsct
_led_01                    000000af   defined in Debug\stc1000p_lib.o section .ubsct
                                      used in Debug\c100_pid_main.o
_led_1                     000000b0   defined in Debug\stc1000p_lib.o section .ubsct
                                      used in Debug\c100_pid_main.o
_led_10                    000000b1   defined in Debug\stc1000p_lib.o section .ubsct
                                      used in Debug\c100_pid_main.o
_led_e                     00000011   defined in Debug\stc1000p_lib.o section .bsct, initialized
                                      used in Debug\c100_pid_main.o
_led_lookup                00008084   defined in Debug\stc1000p_lib.o section .const
_leds_out                  0000002a   defined in Debug\c100_pid_main.o section .ubsct
_m_countdown               00000019   defined in Debug\stc1000p_lib.o section .bsct, initialized
_main                      000084ac   defined in Debug\c100_pid_main.o section .text
                                      used in C:\Program Files (x86)\COSMIC\FSE_Compilers\CXSTM8\Lib\crtsi0.sm8
_max_tasks                 00000010   defined in Debug\scheduler.o section .bsct, initialized
_menu                      0000808e   defined in Debug\stc1000p_lib.o section .const
_menu_fsm                  00008d4c   defined in Debug\stc1000p_lib.o section .text
                                      used in Debug\c100_pid_main.o
_menu_is_idle              0000bc:1   defined in Debug\stc1000p_lib.o section .bit, initialized
_menu_item                 00000017   defined in Debug\stc1000p_lib.o section .bsct, initialized
_menustate                 00000016   defined in Debug\stc1000p_lib.o section .bsct, initialized
_millis                    ********   *** removed from Debug\delay.o ***
_min_to_sec                00009244   defined in Debug\stc1000p_lib.o section .text
_minutes                   0000bc:4   defined in Debug\stc1000p_lib.o section .bit, initialized
_mpx_nr                    00000006   defined in Debug\c100_pid_main.o section .bsct, initialized
_multiplexer               000081b7   defined in Debug\c100_pid_main.o section .text
_pid_control               0000938f   defined in Debug\stc1000p_lib.o section .text
_pid_ctrl                  000085ba   defined in Debug\pid.o section .text
                                      used in Debug\stc1000p_lib.o
_pid_out                   0000001e   defined in Debug\stc1000p_lib.o section .bsct, initialized
_portc                     000000a5   defined in Debug\stc1000p_lib.o section .ubsct
_portd                     000000a4   defined in Debug\stc1000p_lib.o section .ubsct
_pp                        0000002f   defined in Debug\pid.o section .ubsct
_probe2                    0000bc:0   defined in Debug\c100_pid_main.o section .bit, initialized
                                      used in Debug\stc1000p_lib.o
_prx_to_led                00008901   defined in Debug\stc1000p_lib.o section .text
_pwr_on                    0000bc:2   defined in Debug\stc1000p_lib.o section .bit, initialized
                                      used in Debug\c100_pid_main.o
_pwr_on_tmr                00000007   defined in Debug\c100_pid_main.o section .bsct, initialized
_range                     00008b32   defined in Debug\stc1000p_lib.o section .text
_read_buttons              00008ca1   defined in Debug\stc1000p_lib.o section .text
                                      used in Debug\c100_pid_main.o
_scheduler_init            0000864b   defined in Debug\scheduler.o section .text
_scheduler_isr             00008654   defined in Debug\scheduler.o section .text
                                      used in Debug\c100_pid_main.o
_sensor2_selected          0000001b   defined in Debug\stc1000p_lib.o section .bsct, initialized
_set_hc164                 00008173   defined in Debug\c100_pid_main.o section .text
                                      used in Debug\stc1000p_lib.o
_set_task_time_period      00008857   defined in Debug\scheduler.o section .text
_setpoint                  000000aa   defined in Debug\stc1000p_lib.o section .ubsct
_setup_gpio_ports          0000841d   defined in Debug\c100_pid_main.o section .text
_setup_timer2              00008408   defined in Debug\c100_pid_main.o section .text
_std_task                  0000846e   defined in Debug\c100_pid_main.o section .text
_strcmp                    000093ec   defined in (C:\Program Files (x86)\COSMIC\FSE_Compilers\CXSTM8\Lib\libis0.sm8)strcmp0.o section .text
                                      used in Debug\scheduler.o
_strncpy                   000093ff   defined in (C:\Program Files (x86)\COSMIC\FSE_Compilers\CXSTM8\Lib\libis0.sm8)strncp.o section .text
                                      used in Debug\scheduler.o
_t2_millis                 ********   *** removed from Debug\delay.o ***
_task_list                 0000003b   defined in Debug\scheduler.o section .ubsct
_td                        0000000d   defined in Debug\pid.o section .bsct, initialized
                                      used in Debug\stc1000p_lib.o
_temp_ntc1                 00000028   defined in Debug\c100_pid_main.o section .ubsct
                                      used in Debug\stc1000p_lib.o
_temp_ntc2                 00000026   defined in Debug\c100_pid_main.o section .ubsct
                                      used in Debug\stc1000p_lib.o
_temperature_control       000092bc   defined in Debug\stc1000p_lib.o section .text
_ti                        0000000b   defined in Debug\pid.o section .bsct, initialized
                                      used in Debug\stc1000p_lib.o
_tmr2_val                  ********   *** removed from Debug\delay.o ***
_top_01                    00000022   defined in Debug\c100_pid_main.o section .ubsct
                                      used in Debug\stc1000p_lib.o
_top_1                     00000023   defined in Debug\c100_pid_main.o section .ubsct
                                      used in Debug\stc1000p_lib.o
_top_10                    00000024   defined in Debug\c100_pid_main.o section .ubsct
                                      used in Debug\stc1000p_lib.o
_top_100                   00000025   defined in Debug\c100_pid_main.o section .ubsct
                                      used in Debug\stc1000p_lib.o
_ts                        0000000f   defined in Debug\pid.o section .bsct, initialized
                                      used in Debug\stc1000p_lib.o
_update_profile            000089fe   defined in Debug\stc1000p_lib.o section .text
_value_to_led              0000894f   defined in Debug\stc1000p_lib.o section .text
_yk_1                      0000002d   defined in Debug\pid.o section .ubsct
_yk_2                      0000002b   defined in Debug\pid.o section .ubsct
c_cmulx                    00009425   defined in (C:\Program Files (x86)\COSMIC\FSE_Compilers\CXSTM8\Lib\libm0.sm8)cmulx.o section .text
                                      used in Debug\pid.o
c_divsl                    0000950b   defined in (C:\Program Files (x86)\COSMIC\FSE_Compilers\CXSTM8\Lib\libm0.sm8)ldiv.o section .text
                                      *** not used ***
c_divul                    00009522   defined in (C:\Program Files (x86)\COSMIC\FSE_Compilers\CXSTM8\Lib\libm0.sm8)ldiv.o section .text
                                      used in (C:\Program Files (x86)\COSMIC\FSE_Compilers\CXSTM8\Lib\libm0.sm8)ludiv.o
c_itolx                    00009439   defined in (C:\Program Files (x86)\COSMIC\FSE_Compilers\CXSTM8\Lib\libm0.sm8)itolx.o section .text
                                      used in Debug\pid.o Debug\stc1000p_lib.o
c_lcmp                     ********   *** removed from (C:\Program Files (x86)\COSMIC\FSE_Compilers\CXSTM8\Lib\libm0.sm8)lcmp.o ***
c_lgadc                    ********   *** removed from (C:\Program Files (x86)\COSMIC\FSE_Compilers\CXSTM8\Lib\libm0.sm8)lgadc.o ***
c_lgadd                    00009447   defined in (C:\Program Files (x86)\COSMIC\FSE_Compilers\CXSTM8\Lib\libm0.sm8)lgadd.o section .text
                                      used in Debug\pid.o Debug\stc1000p_lib.o
c_lgneg                    000095f6   defined in (C:\Program Files (x86)\COSMIC\FSE_Compilers\CXSTM8\Lib\libm0.sm8)lgneg.o section .text
                                      used in (C:\Program Files (x86)\COSMIC\FSE_Compilers\CXSTM8\Lib\libm0.sm8)ldiv.o
c_lgrsh                    0000945e   defined in (C:\Program Files (x86)\COSMIC\FSE_Compilers\CXSTM8\Lib\libm0.sm8)lgrsh.o section .text
                                      used in Debug\stc1000p_lib.o
c_lmul                     0000946c   defined in (C:\Program Files (x86)\COSMIC\FSE_Compilers\CXSTM8\Lib\libm0.sm8)lmul.o section .text
                                      used in Debug\pid.o
c_lmulc                    00009474   defined in (C:\Program Files (x86)\COSMIC\FSE_Compilers\CXSTM8\Lib\libm0.sm8)lmul.o section .text
                                      *** not used ***
c_lneg                     00009609   defined in (C:\Program Files (x86)\COSMIC\FSE_Compilers\CXSTM8\Lib\libm0.sm8)lneg.o section .text
                                      used in (C:\Program Files (x86)\COSMIC\FSE_Compilers\CXSTM8\Lib\libm0.sm8)ldiv.o
c_lreg                     000000b2   defined in (C:\Program Files (x86)\COSMIC\FSE_Compilers\CXSTM8\Lib\libm0.sm8)lreg.o section .ubsct
                                      used in Debug\delay.o Debug\pid.o
                                              (C:\Program Files (x86)\COSMIC\FSE_Compilers\CXSTM8\Lib\libm0.sm8)cmulx.o
                                              (C:\Program Files (x86)\COSMIC\FSE_Compilers\CXSTM8\Lib\libm0.sm8)itolx.o
                                              (C:\Program Files (x86)\COSMIC\FSE_Compilers\CXSTM8\Lib\libm0.sm8)lcmp.o
                                              (C:\Program Files (x86)\COSMIC\FSE_Compilers\CXSTM8\Lib\libm0.sm8)lgadd.o
                                              (C:\Program Files (x86)\COSMIC\FSE_Compilers\CXSTM8\Lib\libm0.sm8)lmul.o
                                              (C:\Program Files (x86)\COSMIC\FSE_Compilers\CXSTM8\Lib\libm0.sm8)lsub.o
                                              (C:\Program Files (x86)\COSMIC\FSE_Compilers\CXSTM8\Lib\libm0.sm8)ltor.o
                                              (C:\Program Files (x86)\COSMIC\FSE_Compilers\CXSTM8\Lib\libm0.sm8)ldiv.o
                                              (C:\Program Files (x86)\COSMIC\FSE_Compilers\CXSTM8\Lib\libm0.sm8)lneg.o
                                              (C:\Program Files (x86)\COSMIC\FSE_Compilers\CXSTM8\Lib\libm0.sm8)rtol.o
                                              (C:\Program Files (x86)\COSMIC\FSE_Compilers\CXSTM8\Lib\libm0.sm8)utolx.o
                                              (C:\Program Files (x86)\COSMIC\FSE_Compilers\CXSTM8\Lib\libm0.sm8)umul.o
c_lsub                     ********   *** removed from (C:\Program Files (x86)\COSMIC\FSE_Compilers\CXSTM8\Lib\libm0.sm8)lsub.o ***
c_ltor                     ********   *** removed from (C:\Program Files (x86)\COSMIC\FSE_Compilers\CXSTM8\Lib\libm0.sm8)ltor.o ***
c_ludv                     000094f7   defined in (C:\Program Files (x86)\COSMIC\FSE_Compilers\CXSTM8\Lib\libm0.sm8)ludiv.o section .text
                                      used in Debug\pid.o
c_rtol                     0000961e   defined in (C:\Program Files (x86)\COSMIC\FSE_Compilers\CXSTM8\Lib\libm0.sm8)rtol.o section .text
                                      used in Debug\delay.o Debug\pid.o
c_uitolx                   00009630   defined in (C:\Program Files (x86)\COSMIC\FSE_Compilers\CXSTM8\Lib\libm0.sm8)utolx.o section .text
                                      used in Debug\delay.o Debug\pid.o
c_umul                     00009637   defined in (C:\Program Files (x86)\COSMIC\FSE_Compilers\CXSTM8\Lib\libm0.sm8)umul.o section .text
                                      used in Debug\pid.o
c_x                        000000b6   defined in (C:\Program Files (x86)\COSMIC\FSE_Compilers\CXSTM8\Lib\libm0.sm8)xreg.o section .ubsct
                                      used in C:\Program Files (x86)\COSMIC\FSE_Compilers\CXSTM8\Lib\crtsi0.sm8
                                              Debug\c100_pid_main.o
                                              Debug\stc1000p_lib.o
                                              (C:\Program Files (x86)\COSMIC\FSE_Compilers\CXSTM8\Lib\libm0.sm8)lmul.o
                                              (C:\Program Files (x86)\COSMIC\FSE_Compilers\CXSTM8\Lib\libm0.sm8)ldiv.o
                                              (C:\Program Files (x86)\COSMIC\FSE_Compilers\CXSTM8\Lib\libm0.sm8)umul.o
c_y                        000000b9   defined in (C:\Program Files (x86)\COSMIC\FSE_Compilers\CXSTM8\Lib\libm0.sm8)yreg.o section .ubsct
                                      used in C:\Program Files (x86)\COSMIC\FSE_Compilers\CXSTM8\Lib\crtsi0.sm8
                                              Debug\c100_pid_main.o
                                              (C:\Program Files (x86)\COSMIC\FSE_Compilers\CXSTM8\Lib\libm0.sm8)umul.o
f_NonHandledInterrupt      00009673   defined in Debug\stm8_interrupt_vector.o section .text
